app_x-cube-ai.c:206:26:ai_mnetwork_handle	0	static
app_x-cube-ai.c:197:9:ai_mnetwork_is_valid.isra.0	16	static
app_x-cube-ai.c:84:6:AccelWrite	24	static
app_x-cube-ai.c:93:6:AccelReadValues	24	static
app_x-cube-ai.c:100:6:AccelReadAddress	24	static
app_x-cube-ai.c:106:6:AccelInit	8	static
app_x-cube-ai.c:115:6:MX_X_CUBE_AI_Init	8	static
app_x-cube-ai.c:126:6:MX_X_CUBE_AI_Process	16	static
app_x-cube-ai.c:232:13:ai_mnetwork_find	8	static
app_x-cube-ai.c:251:10:ai_mnetwork_create	24	static
app_x-cube-ai.c:298:11:ai_mnetwork_destroy	16	static
app_x-cube-ai.c:315:9:ai_mnetwork_get_info	8	static
app_x-cube-ai.c:326:10:ai_mnetwork_get_error	8	static
app_x-cube-ai.c:341:9:ai_mnetwork_init	56	static
app_x-cube-ai.c:366:8:ai_mnetwork_run	16	static
app_x-cube-ai.c:378:8:ai_mnetwork_forward	8	static
app_x-cube-ai.c:389:5:ai_mnetwork_get_private_handle	16	static
