Archive member included to satisfy reference by file (symbol)

../Middlewares/ST/AI/AI/lib\network_runtime.a(ai_platform_interface.o)
                              Middlewares\ST\AI\AI\src\network.o (ai_platform_api_get_version)
../Middlewares/ST/AI/AI/lib\network_runtime.a(core_common.o)
                              ../Middlewares/ST/AI/AI/lib\network_runtime.a(ai_platform_interface.o) (core_get_error)
../Middlewares/ST/AI/AI/lib\network_runtime.a(layers.o)
                              ../Middlewares/ST/AI/AI/lib\network_runtime.a(ai_platform_interface.o) (ai_check_custom_types)
../Middlewares/ST/AI/AI/lib\network_runtime.a(layers_conv2d_generic_float.o)
                              Middlewares\ST\AI\AI\src\network.o (forward_conv2d_nl_pool)
../Middlewares/ST/AI/AI/lib\network_runtime.a(layers_nl_generic_float.o)
                              Middlewares\ST\AI\AI\src\network.o (forward_relu)
../Middlewares/ST/AI/AI/lib\network_runtime.a(layers_pool_generic_float.o)
                              Middlewares\ST\AI\AI\src\network.o (pool_func_mp_array_f32)
../Middlewares/ST/AI/AI/lib\network_runtime.a(ai_math_helpers.o)
                              ../Middlewares/ST/AI/AI/lib\network_runtime.a(layers_conv2d_generic_float.o) (ai_math_dot_array)
c:/program files (x86)/atollic/truestudio for stm32 9.3.0/armtools/bin/../lib/gcc/arm-atollic-eabi/6.3.1/../../../../arm-atollic-eabi/lib/armv7e-m/fpu\libc_nano.a(lib_a-aeabi_memcpy.o)
                              ../Middlewares/ST/AI/AI/lib\network_runtime.a(ai_platform_interface.o) (__aeabi_memcpy)
c:/program files (x86)/atollic/truestudio for stm32 9.3.0/armtools/bin/../lib/gcc/arm-atollic-eabi/6.3.1/../../../../arm-atollic-eabi/lib/armv7e-m/fpu\libc_nano.a(lib_a-errno.o)
                              Middlewares\ST\Application\SystemPerformance\Src\aiSystemPerformance.o (__errno)
c:/program files (x86)/atollic/truestudio for stm32 9.3.0/armtools/bin/../lib/gcc/arm-atollic-eabi/6.3.1/../../../../arm-atollic-eabi/lib/armv7e-m/fpu\libc_nano.a(lib_a-fflush.o)
                              Middlewares\ST\Application\SystemPerformance\Src\aiSystemPerformance.o (fflush)
c:/program files (x86)/atollic/truestudio for stm32 9.3.0/armtools/bin/../lib/gcc/arm-atollic-eabi/6.3.1/../../../../arm-atollic-eabi/lib/armv7e-m/fpu\libc_nano.a(lib_a-findfp.o)
                              c:/program files (x86)/atollic/truestudio for stm32 9.3.0/armtools/bin/../lib/gcc/arm-atollic-eabi/6.3.1/../../../../arm-atollic-eabi/lib/armv7e-m/fpu\libc_nano.a(lib_a-fflush.o) (__sinit)
c:/program files (x86)/atollic/truestudio for stm32 9.3.0/armtools/bin/../lib/gcc/arm-atollic-eabi/6.3.1/../../../../arm-atollic-eabi/lib/armv7e-m/fpu\libc_nano.a(lib_a-fwalk.o)
                              c:/program files (x86)/atollic/truestudio for stm32 9.3.0/armtools/bin/../lib/gcc/arm-atollic-eabi/6.3.1/../../../../arm-atollic-eabi/lib/armv7e-m/fpu\libc_nano.a(lib_a-findfp.o) (_fwalk)
c:/program files (x86)/atollic/truestudio for stm32 9.3.0/armtools/bin/../lib/gcc/arm-atollic-eabi/6.3.1/../../../../arm-atollic-eabi/lib/armv7e-m/fpu\libc_nano.a(lib_a-impure.o)
                              c:/program files (x86)/atollic/truestudio for stm32 9.3.0/armtools/bin/../lib/gcc/arm-atollic-eabi/6.3.1/../../../../arm-atollic-eabi/lib/armv7e-m/fpu\libc_nano.a(lib_a-fflush.o) (_global_impure_ptr)
c:/program files (x86)/atollic/truestudio for stm32 9.3.0/armtools/bin/../lib/gcc/arm-atollic-eabi/6.3.1/../../../../arm-atollic-eabi/lib/armv7e-m/fpu\libc_nano.a(lib_a-init.o)
                              startup\startup_stm32f446xx.o (__libc_init_array)
c:/program files (x86)/atollic/truestudio for stm32 9.3.0/armtools/bin/../lib/gcc/arm-atollic-eabi/6.3.1/../../../../arm-atollic-eabi/lib/armv7e-m/fpu\libc_nano.a(lib_a-memcmp.o)
                              ../Middlewares/ST/AI/AI/lib\network_runtime.a(layers.o) (memcmp)
c:/program files (x86)/atollic/truestudio for stm32 9.3.0/armtools/bin/../lib/gcc/arm-atollic-eabi/6.3.1/../../../../arm-atollic-eabi/lib/armv7e-m/fpu\libc_nano.a(lib_a-memcpy-stub.o)
                              Middlewares\ST\AI\AI\src\network.o (memcpy)
c:/program files (x86)/atollic/truestudio for stm32 9.3.0/armtools/bin/../lib/gcc/arm-atollic-eabi/6.3.1/../../../../arm-atollic-eabi/lib/armv7e-m/fpu\libc_nano.a(lib_a-memset.o)
                              Middlewares\ST\Application\SystemPerformance\Src\aiSystemPerformance.o (memset)
c:/program files (x86)/atollic/truestudio for stm32 9.3.0/armtools/bin/../lib/gcc/arm-atollic-eabi/6.3.1/../../../../arm-atollic-eabi/lib/armv7e-m/fpu\libc_nano.a(lib_a-nano-freer.o)
                              c:/program files (x86)/atollic/truestudio for stm32 9.3.0/armtools/bin/../lib/gcc/arm-atollic-eabi/6.3.1/../../../../arm-atollic-eabi/lib/armv7e-m/fpu\libc_nano.a(lib_a-fflush.o) (_free_r)
[...]
Memory Configuration

Name             Origin             Length             Attributes
RAM              0x20000000         0x00020000         xrw
FLASH            0x08000000         0x00080000         xr
*default*        0x00000000         0xffffffff

Linker script and memory map

LOAD c:/program files (x86)/atollic/truestudio for stm32 9.3.0/armtools/bin/../lib/gcc/arm-atollic-eabi/6.3.1/armv7e-m/fpu/crti.o
LOAD c:/program files (x86)/atollic/truestudio for stm32 9.3.0/armtools/bin/../lib/gcc/arm-atollic-eabi/6.3.1/armv7e-m/fpu/crtbegin.o
LOAD Drivers\CMSIS\DSP\Source\BasicMathFunctions\arm_dot_prod_f32.o
LOAD Drivers\STM32F4xx_HAL_Driver\Src\stm32f4xx_hal.o
LOAD Drivers\STM32F4xx_HAL_Driver\Src\stm32f4xx_hal_cortex.o
LOAD Drivers\STM32F4xx_HAL_Driver\Src\stm32f4xx_hal_crc.o
LOAD Drivers\STM32F4xx_HAL_Driver\Src\stm32f4xx_hal_dma.o
LOAD Drivers\STM32F4xx_HAL_Driver\Src\stm32f4xx_hal_dma_ex.o
LOAD Drivers\STM32F4xx_HAL_Driver\Src\stm32f4xx_hal_exti.o
LOAD Drivers\STM32F4xx_HAL_Driver\Src\stm32f4xx_hal_flash.o
LOAD Drivers\STM32F4xx_HAL_Driver\Src\stm32f4xx_hal_flash_ex.o
LOAD Drivers\STM32F4xx_HAL_Driver\Src\stm32f4xx_hal_flash_ramfunc.o
LOAD Drivers\STM32F4xx_HAL_Driver\Src\stm32f4xx_hal_gpio.o
LOAD Drivers\STM32F4xx_HAL_Driver\Src\stm32f4xx_hal_i2c.o
LOAD Drivers\STM32F4xx_HAL_Driver\Src\stm32f4xx_hal_i2c_ex.o
LOAD Drivers\STM32F4xx_HAL_Driver\Src\stm32f4xx_hal_pwr.o
LOAD Drivers\STM32F4xx_HAL_Driver\Src\stm32f4xx_hal_pwr_ex.o
LOAD Drivers\STM32F4xx_HAL_Driver\Src\stm32f4xx_hal_rcc.o
LOAD Drivers\STM32F4xx_HAL_Driver\Src\stm32f4xx_hal_rcc_ex.o
LOAD Drivers\STM32F4xx_HAL_Driver\Src\stm32f4xx_hal_tim.o
LOAD Drivers\STM32F4xx_HAL_Driver\Src\stm32f4xx_hal_tim_ex.o
LOAD Drivers\STM32F4xx_HAL_Driver\Src\stm32f4xx_hal_uart.o
LOAD Middlewares\ST\AI\AI\data\network_data.o
LOAD Middlewares\ST\AI\AI\src\network.o
LOAD Middlewares\ST\Application\SystemPerformance\Src\aiSystemPerformance.o
LOAD Src\app_x-cube-ai.o
LOAD Src\data_Processor.o
LOAD Src\main.o
LOAD Src\stm32f4xx_hal_msp.o
LOAD Src\stm32f4xx_it.o
LOAD Src\syscalls.o
LOAD Src\system_stm32f4xx.o
LOAD startup\startup_stm32f446xx.o
LOAD ../Middlewares/ST/AI/AI/lib\network_runtime.a
                0x00000080                malloc_getpagesize_P = 0x80
START GROUP
LOAD c:/program files (x86)/atollic/truestudio for stm32 9.3.0/armtools/bin/../lib/gcc/arm-atollic-eabi/6.3.1/../../../../arm-atollic-eabi/lib/armv7e-m/fpu\libc_nano.a
LOAD c:/program files (x86)/atollic/truestudio for stm32 9.3.0/armtools/bin/../lib/gcc/arm-atollic-eabi/6.3.1/../../../../arm-atollic-eabi/lib/armv7e-m/fpu\libm.a
END GROUP
START GROUP
LOAD c:/program files (x86)/atollic/truestudio for stm32 9.3.0/armtools/bin/../lib/gcc/arm-atollic-eabi/6.3.1/armv7e-m/fpu\libgcc.a
LOAD c:/program files (x86)/atollic/truestudio for stm32 9.3.0/armtools/bin/../lib/gcc/arm-atollic-eabi/6.3.1/../../../../arm-atollic-eabi/lib/armv7e-m/fpu\libc_nano.a
END GROUP
START GROUP
LOAD c:/program files (x86)/atollic/truestudio for stm32 9.3.0/armtools/bin/../lib/gcc/arm-atollic-eabi/6.3.1/armv7e-m/fpu\libgcc.a
LOAD c:/program files (x86)/atollic/truestudio for stm32 9.3.0/armtools/bin/../lib/gcc/arm-atollic-eabi/6.3.1/../../../../arm-atollic-eabi/lib/armv7e-m/fpu\libc_nano.a
LOAD c:/program files (x86)/atollic/truestudio for stm32 9.3.0/armtools/bin/../lib/gcc/arm-atollic-eabi/6.3.1/../../../../arm-atollic-eabi/lib/armv7e-m/fpu\libnosys.a
END GROUP
START GROUP
LOAD c:/program files (x86)/atollic/truestudio for stm32 9.3.0/armtools/bin/../lib/gcc/arm-atollic-eabi/6.3.1/armv7e-m/fpu\libgcc.a
LOAD c:/program files (x86)/atollic/truestudio for stm32 9.3.0/armtools/bin/../lib/gcc/arm-atollic-eabi/6.3.1/../../../../arm-atollic-eabi/lib/armv7e-m/fpu\libc_nano.a
LOAD c:/program files (x86)/atollic/truestudio for stm32 9.3.0/armtools/bin/../lib/gcc/arm-atollic-eabi/6.3.1/../../../../arm-atollic-eabi/lib/armv7e-m/fpu\libnosys.a
END GROUP
LOAD c:/program files (x86)/atollic/truestudio for stm32 9.3.0/armtools/bin/../lib/gcc/arm-atollic-eabi/6.3.1/armv7e-m/fpu/crtend.o
LOAD c:/program files (x86)/atollic/truestudio for stm32 9.3.0/armtools/bin/../lib/gcc/arm-atollic-eabi/6.3.1/armv7e-m/fpu/crtn.o
                0x20020000                _estack = 0x20020000
                0x00002000                _Min_Heap_Size = 0x2000
                0x00000400                _Min_Stack_Size = 0x400

.isr_vector     0x08000000      0x1c4
                0x08000000                . = ALIGN (0x4)
 *(.isr_vector)
 .isr_vector    0x08000000      0x1c4 startup\startup_stm32f446xx.o
                0x08000000                g_pfnVectors
                0x080001c4                . = ALIGN (0x4)

.text           0x080001d0     0x73c4
                0x080001d0                . = ALIGN (0x4)
 *(.text)
 .text          0x080001d0       0x40 c:/program files (x86)/atollic/truestudio for stm32 9.3.0/armtools/bin/../lib/gcc/arm-atollic-eabi/6.3.1/armv7e-m/fpu/crtbegin.o
 .text          0x08000210      0x4c4 ../Middlewares/ST/AI/AI/lib\network_runtime.a(ai_platform_interface.o)
                0x08000272                ai_platform_runtime_get_revision
                0x080002a2                ai_platform_runtime_get_version
                0x080002d6                ai_platform_api_get_version
                0x0800030a                ai_platform_interface_api_get_version
                0x0800033e                ai_platform_context_acquire
                0x0800037a                ai_platform_context_release
                0x08000388                ai_platform_network_get_error
                0x080003cc                ai_platform_network_set_error
                0x080003d8                ai_platform_network_create
                0x08000454                ai_platform_network_destroy
                0x08000492                ai_platform_network_init
                0x08000528                ai_platform_network_process
 .text          0x080006d4       0x24 ../Middlewares/ST/AI/AI/lib\network_runtime.a(core_common.o)
                0x080006d4                core_init
                0x080006d8                core_get_error
                0x080006e2                core_set_error
 .text          0x080006f8      0x1b8 ../Middlewares/ST/AI/AI/lib\network_runtime.a(layers.o)
                0x080006f8                ai_layers_forward_layer
                0x0800070c                ai_check_custom_types
                0x08000734                ai_layer_type_name
                0x080007f4                ai_layer_type_is_valid
                0x08000810                ai_layers_forward_all
 .text          0x080008b0     0x1000 ../Middlewares/ST/AI/AI/lib\network_runtime.a(layers_conv2d_generic_float.o)
                0x08000d28                ai_dict8_dot_array_f32
                0x08001000                ai_dict4_dot_array_f32
                0x080010a0                forward_conv2d
                0x08001204                forward_conv2d_nl_pool
                0x08001538                forward_dense
                0x08001830                forward_gemm
 .text          0x080018b0      0x716 ../Middlewares/ST/AI/AI/lib\network_runtime.a(layers_nl_generic_float.o)
                0x080018b0                nl_func_sm_channel_f32
                0x080019d4                nl_func_sm_array_f32
                0x08001a08                nl_func_tanh_array_f32
                0x08001a30                nl_func_sigmoid_array_f32
                0x08001a6c                nl_func_sign_array_f32
                0x08001aa4                nl_func_clip_array_f32
                0x08001adc                nl_func_relu_array_f32
                0x08001b08                nl_func_relu6_array_f32
                0x08001b48                nl_func_selu_array_f32
                0x08001bd8                nl_func_prelu_array_f32
                0x08001c24                forward_relu
                0x08001c84                forward_relu6
                0x08001cf8                forward_selu
                0x08001da4                forward_prelu
                0x08001e1c                forward_sign
                0x08001e90                forward_clip
                0x08001ef8                forward_sigmoid
                0x08001f50                forward_tanh
                0x08001f92                forward_sm
 *fill*         0x08001fc6        0x2 
 .text          0x08001fc8      0x66c ../Middlewares/ST/AI/AI/lib\network_runtime.a(layers_pool_generic_float.o)
                0x08001fc8                pool_func_mp_array_f32
                0x08002088                pool_func_ap_array_f32
                0x080021a4                forward_mp
                0x080023a4                forward_ap
 .text          0x08002634       0xf0 ../Middlewares/ST/AI/AI/lib\network_runtime.a(ai_math_helpers.o)
                0x08002634                ai_math_dot_array
                0x08002660                ai_math_sqrt
                0x08002678                ai_math_exp
                0x0800267c                ai_math_pow
                0x08002680                ai_math_tanh
                0x08002684                ai_math_relu
                0x08002694                ai_math_prelu
                0x080026a4                ai_math_sigmoid
                0x080026c4                ai_math_hard_sigmoid
                0x080026f8                ai_math_sign
 *fill*         0x08002724        0xc 
 .text          0x08002730       0xa0 c:/program files (x86)/atollic/truestudio for stm32 9.3.0/armtools/bin/../lib/gcc/arm-atollic-eabi/6.3.1/../../../../arm-atollic-eabi/lib/armv7e-m/fpu\libc_nano.a(lib_a-memchr.o)
                0x08002730                memchr
 .text          0x080027d0      0x370 c:/program files (x86)/atollic/truestudio for stm32 9.3.0/armtools/bin/../lib/gcc/arm-atollic-eabi/6.3.1/armv7e-m/fpu\libgcc.a(_arm_addsubdf3.o)
                0x080027d0                __aeabi_drsub
                0x080027d8                __aeabi_dsub
                0x080027d8                __subdf3
                0x080027dc                __aeabi_dadd
                0x080027dc                __adddf3
                0x08002a54                __floatunsidf
                0x08002a54                __aeabi_ui2d
                0x08002a74                __floatsidf
                0x08002a74                __aeabi_i2d
                0x08002a98                __aeabi_f2d
                0x08002a98                __extendsfdf2
                0x08002ad4                __floatundidf
                0x08002ad4                __aeabi_ul2d
                0x08002ae4                __floatdidf
                0x08002ae4                __aeabi_l2d
 .text          0x08002b40      0x424 c:/program files (x86)/atollic/truestudio for stm32 9.3.0/armtools/bin/../lib/gcc/arm-atollic-eabi/6.3.1/armv7e-m/fpu\libgcc.a(_arm_muldivdf3.o)
                0x08002b40                __aeabi_dmul
                0x08002b40                __muldf3
                0x08002d94                __divdf3
                0x08002d94                __aeabi_ddiv
 .text          0x08002f64      0x110 c:/program files (x86)/atollic/truestudio for stm32 9.3.0/armtools/bin/../lib/gcc/arm-atollic-eabi/6.3.1/armv7e-m/fpu\libgcc.a(_arm_cmpdf2.o)
                0x08002f64                __gtdf2
                0x08002f64                __gedf2
                0x08002f6c                __ltdf2
                0x08002f6c                __ledf2
                0x08002f74                __nedf2
                0x08002f74                __eqdf2
                0x08002f74                __cmpdf2
                0x08002ff0                __aeabi_cdrcmple
                0x08003000                __aeabi_cdcmpeq
                0x08003000                __aeabi_cdcmple
                0x08003010                __aeabi_dcmpeq
                0x08003024                __aeabi_dcmplt
                0x08003038                __aeabi_dcmple
                0x0800304c                __aeabi_dcmpge
                0x08003060                __aeabi_dcmpgt
 .text          0x08003074       0xa0 c:/program files (x86)/atollic/truestudio for stm32 9.3.0/armtools/bin/../lib/gcc/arm-atollic-eabi/6.3.1/armv7e-m/fpu\libgcc.a(_arm_truncdfsf2.o)
                0x08003074                __truncdfsf2
                0x08003074                __aeabi_d2f
 .text          0x08003114       0x30 c:/program files (x86)/atollic/truestudio for stm32 9.3.0/armtools/bin/../lib/gcc/arm-atollic-eabi/6.3.1/armv7e-m/fpu\libgcc.a(_aeabi_uldivmod.o)
                0x08003114                __aeabi_uldivmod
 .text          0x08003144      0x2dc c:/program files (x86)/atollic/truestudio for stm32 9.3.0/armtools/bin/../lib/gcc/arm-atollic-eabi/6.3.1/armv7e-m/fpu\libgcc.a(_udivmoddi4.o)
                0x08003144                __udivmoddi4
 .text          0x08003420        0x4 c:/program files (x86)/atollic/truestudio for stm32 9.3.0/armtools/bin/../lib/gcc/arm-atollic-eabi/6.3.1/armv7e-m/fpu\libgcc.a(_dvmd_tls.o)
                0x08003420                __aeabi_idiv0
                0x08003420                __aeabi_ldiv0
 *(.text*)
 .text.arm_dot_prod_f32
                0x08003424       0x74 Drivers\CMSIS\DSP\Source\BasicMathFunctions\arm_dot_prod_f32.o
                0x08003424                arm_dot_prod_f32
 .text.HAL_InitTick
                0x08003498       0x48 Drivers\STM32F4xx_HAL_Driver\Src\stm32f4xx_hal.o
                0x08003498                HAL_InitTick
 .text.HAL_Init
                0x080034e0       0x34 Drivers\STM32F4xx_HAL_Driver\Src\stm32f4xx_hal.o
                0x080034e0                HAL_Init
 .text.HAL_IncTick
                0x08003514       0x18 Drivers\STM32F4xx_HAL_Driver\Src\stm32f4xx_hal.o
                0x08003514                HAL_IncTick
 .text.HAL_GetTick
                0x0800352c        0xc Drivers\STM32F4xx_HAL_Driver\Src\stm32f4xx_hal.o
                0x0800352c                HAL_GetTick
 .text.HAL_Delay
                0x08003538       0x28 Drivers\STM32F4xx_HAL_Driver\Src\stm32f4xx_hal.o
                0x08003538                HAL_Delay
 .text.HAL_NVIC_SetPriorityGrouping
                0x08003560       0x24 Drivers\STM32F4xx_HAL_Driver\Src\stm32f4xx_hal_cortex.o
                0x08003560                HAL_NVIC_SetPriorityGrouping
 .text.HAL_NVIC_SetPriority
                0x08003584       0x68 Drivers\STM32F4xx_HAL_Driver\Src\stm32f4xx_hal_cortex.o
                0x08003584                HAL_NVIC_SetPriority
 .text.HAL_SYSTICK_Config
                0x080035ec       0x2c Drivers\STM32F4xx_HAL_Driver\Src\stm32f4xx_hal_cortex.o
                0x080035ec                HAL_SYSTICK_Config
 .text.HAL_CRC_Init
                0x08003618       0x24 Drivers\STM32F4xx_HAL_Driver\Src\stm32f4xx_hal_crc.o
                0x08003618                HAL_CRC_Init
 .text.HAL_GPIO_Init
                0x0800363c      0x1b4 Drivers\STM32F4xx_HAL_Driver\Src\stm32f4xx_hal_gpio.o
                0x0800363c                HAL_GPIO_Init
 .text.I2C_IsAcknowledgeFailed
                0x080037f0       0x34 Drivers\STM32F4xx_HAL_Driver\Src\stm32f4xx_hal_i2c.o
 .text.I2C_WaitOnMasterAddressFlagUntilTimeout
                0x08003824       0x8a Drivers\STM32F4xx_HAL_Driver\Src\stm32f4xx_hal_i2c.o
 .text.I2C_WaitOnBTFFlagUntilTimeout
                0x080038ae       0x4c Drivers\STM32F4xx_HAL_Driver\Src\stm32f4xx_hal_i2c.o
 .text.I2C_WaitOnRXNEFlagUntilTimeout
                0x080038fa       0x5e Drivers\STM32F4xx_HAL_Driver\Src\stm32f4xx_hal_i2c.o
 .text.I2C_WaitOnFlagUntilTimeout
                0x08003958       0x64 Drivers\STM32F4xx_HAL_Driver\Src\stm32f4xx_hal_i2c.o
 .text.I2C_WaitOnTXEFlagUntilTimeout
                0x080039bc       0x4c Drivers\STM32F4xx_HAL_Driver\Src\stm32f4xx_hal_i2c.o
 .text.I2C_RequestMemoryRead
                0x08003a08       0xec Drivers\STM32F4xx_HAL_Driver\Src\stm32f4xx_hal_i2c.o
 .text.HAL_I2C_Init
                0x08003af4      0x148 Drivers\STM32F4xx_HAL_Driver\Src\stm32f4xx_hal_i2c.o
                0x08003af4                HAL_I2C_Init
 .text.HAL_I2C_Master_Transmit
                0x08003c3c      0x19c Drivers\STM32F4xx_HAL_Driver\Src\stm32f4xx_hal_i2c.o
                0x08003c3c                HAL_I2C_Master_Transmit
 .text.HAL_I2C_Mem_Read
                0x08003dd8      0x218 Drivers\STM32F4xx_HAL_Driver\Src\stm32f4xx_hal_i2c.o
                0x08003dd8                HAL_I2C_Mem_Read
 .text.HAL_PWREx_EnableOverDrive
                0x08003ff0       0x78 Drivers\STM32F4xx_HAL_Driver\Src\stm32f4xx_hal_pwr_ex.o
                0x08003ff0                HAL_PWREx_EnableOverDrive
 .text.HAL_RCC_ClockConfig
                0x08004068      0x134 Drivers\STM32F4xx_HAL_Driver\Src\stm32f4xx_hal_rcc.o
                0x08004068                HAL_RCC_ClockConfig
 .text.HAL_RCC_GetPCLK1Freq
                0x0800419c       0x20 Drivers\STM32F4xx_HAL_Driver\Src\stm32f4xx_hal_rcc.o
                0x0800419c                HAL_RCC_GetPCLK1Freq
 .text.HAL_RCC_GetPCLK2Freq
                0x080041bc       0x20 Drivers\STM32F4xx_HAL_Driver\Src\stm32f4xx_hal_rcc.o
                0x080041bc                HAL_RCC_GetPCLK2Freq
 .text.HAL_RCC_GetSysClockFreq
                0x080041dc       0x90 Drivers\STM32F4xx_HAL_Driver\Src\stm32f4xx_hal_rcc_ex.o
                0x080041dc                HAL_RCC_GetSysClockFreq
 .text.HAL_RCC_OscConfig
                0x0800426c      0x334 Drivers\STM32F4xx_HAL_Driver\Src\stm32f4xx_hal_rcc_ex.o
                0x0800426c                HAL_RCC_OscConfig
 .text.UART_SetConfig
                0x080045a0      0x234 Drivers\STM32F4xx_HAL_Driver\Src\stm32f4xx_hal_uart.o
 .text.UART_WaitOnFlagUntilTimeout.constprop.3
                0x080047d4       0x50 Drivers\STM32F4xx_HAL_Driver\Src\stm32f4xx_hal_uart.o
 .text.HAL_UART_Init
                0x08004824       0x5c Drivers\STM32F4xx_HAL_Driver\Src\stm32f4xx_hal_uart.o
                0x08004824                HAL_UART_Init
 .text.HAL_UART_Transmit
                0x08004880       0xba Drivers\STM32F4xx_HAL_Driver\Src\stm32f4xx_hal_uart.o
                0x08004880                HAL_UART_Transmit
 *fill*         0x0800493a        0x2 
 .text.ai_network_data_weights_get
                0x0800493c        0x8 Middlewares\ST\AI\AI\data\network_data.o
                0x0800493c                ai_network_data_weights_get
 .text.ai_network_get_info
                0x08004944      0x10c Middlewares\ST\AI\AI\src\network.o
                0x08004944                ai_network_get_info
 .text.ai_network_get_error
                0x08004a50        0x8 Middlewares\ST\AI\AI\src\network.o
                0x08004a50                ai_network_get_error
 .text.ai_network_create
                0x08004a58       0x1c Middlewares\ST\AI\AI\src\network.o
                0x08004a58                ai_network_create
 .text.ai_network_destroy
                0x08004a74        0x4 Middlewares\ST\AI\AI\src\network.o
                0x08004a74                ai_network_destroy
 .text.ai_network_init
                0x08004a78       0xf4 Middlewares\ST\AI\AI\src\network.o
                0x08004a78                ai_network_init
 .text.ai_network_run
                0x08004b6c        0x4 Middlewares\ST\AI\AI\src\network.o
                0x08004b6c                ai_network_run
 .text._write   0x08004b70       0x34 Middlewares\ST\Application\SystemPerformance\Src\aiSystemPerformance.o
                0x08004b70                _write
 .text.AccelWrite
                0x08004ba4       0x24 Src\app_x-cube-ai.o
                0x08004ba4                AccelWrite
 .text.AccelReadValues
                0x08004bc8       0x28 Src\app_x-cube-ai.o
                0x08004bc8                AccelReadValues
 .text.AccelInit
                0x08004bf0       0x26 Src\app_x-cube-ai.o
                0x08004bf0                AccelInit
 *fill*         0x08004c16        0x2 
 .text.MX_X_CUBE_AI_Init
                0x08004c18       0x24 Src\app_x-cube-ai.o
                0x08004c18                MX_X_CUBE_AI_Init
 *fill*         0x08004c3c        0x4 
 .text.MX_X_CUBE_AI_Process
                0x08004c40       0xf4 Src\app_x-cube-ai.o
                0x08004c40                MX_X_CUBE_AI_Process
 .text.aiPrintLayoutBuffer
                0x08004d34       0x68 Src\data_Processor.o
 .text.Process_Result
                0x08004d9c       0x90 Src\data_Processor.o
                0x08004d9c                Process_Result
 .text.DATA_InitProcesser
                0x08004e2c      0x2e0 Src\data_Processor.o
                0x08004e2c                DATA_InitProcesser
 .text.DATA_Infer
                0x0800510c       0x98 Src\data_Processor.o
                0x0800510c                DATA_Infer
 .text.SystemClock_Config
                0x080051a4       0x9c Src\main.o
                0x080051a4                SystemClock_Config
 .text.startup.main
                0x08005240       0x98 Src\main.o
                0x08005240                main
 .text.MX_USART2_UART_Init
                0x080052d8       0x28 Src\main.o
                0x080052d8                MX_USART2_UART_Init
 .text.HAL_MspInit
                0x08005300       0x38 Src\stm32f4xx_hal_msp.o
                0x08005300                HAL_MspInit
 .text.HAL_CRC_MspInit
                0x08005338       0x30 Src\stm32f4xx_hal_msp.o
                0x08005338                HAL_CRC_MspInit
 .text.HAL_I2C_MspInit
                0x08005368       0x74 Src\stm32f4xx_hal_msp.o
                0x08005368                HAL_I2C_MspInit
 .text.HAL_UART_MspInit
                0x080053dc       0x70 Src\stm32f4xx_hal_msp.o
                0x080053dc                HAL_UART_MspInit
 .text.NMI_Handler
                0x0800544c        0x2 Src\stm32f4xx_it.o
                0x0800544c                NMI_Handler
 .text.HardFault_Handler
                0x0800544e        0x2 Src\stm32f4xx_it.o
                0x0800544e                HardFault_Handler
 .text.MemManage_Handler
                0x08005450        0x2 Src\stm32f4xx_it.o
                0x08005450                MemManage_Handler
 .text.BusFault_Handler
                0x08005452        0x2 Src\stm32f4xx_it.o
                0x08005452                BusFault_Handler
 .text.UsageFault_Handler
                0x08005454        0x2 Src\stm32f4xx_it.o
                0x08005454                UsageFault_Handler
 .text.SVC_Handler
                0x08005456        0x2 Src\stm32f4xx_it.o
                0x08005456                SVC_Handler
 .text.DebugMon_Handler
                0x08005458        0x2 Src\stm32f4xx_it.o
                0x08005458                DebugMon_Handler
 .text.PendSV_Handler
                0x0800545a        0x2 Src\stm32f4xx_it.o
                0x0800545a                PendSV_Handler
 .text.SysTick_Handler
                0x0800545c        0x4 Src\stm32f4xx_it.o
                0x0800545c                SysTick_Handler
 .text._read    0x08005460       0x1c Src\syscalls.o
                0x08005460                _read
 .text._sbrk    0x0800547c       0x34 Src\syscalls.o
                0x0800547c                _sbrk
 .text._close   0x080054b0        0x6 Src\syscalls.o
                0x080054b0                _close
 .text._fstat   0x080054b6        0xa Src\syscalls.o
                0x080054b6                _fstat
 .text._isatty  0x080054c0        0x4 Src\syscalls.o
                0x080054c0                _isatty
 .text._lseek   0x080054c4        0x4 Src\syscalls.o
                0x080054c4                _lseek
 .text.SystemInit
                0x080054c8       0x4c Src\system_stm32f4xx.o
                0x080054c8                SystemInit
 .text.Reset_Handler
                0x08005514       0x50 startup\startup_stm32f446xx.o
                0x08005514                Reset_Handler
 .text.Default_Handler
                0x08005564        0x2 startup\startup_stm32f446xx.o
                0x08005564                RTC_Alarm_IRQHandler
                0x08005564                EXTI2_IRQHandler
                0x08005564                TIM8_CC_IRQHandler
                0x08005564                FMPI2C1_EV_IRQHandler
                0x08005564                SPI4_IRQHandler
                0x08005564                TIM1_CC_IRQHandler
                0x08005564                DMA2_Stream5_IRQHandler
                0x08005564                DMA1_Stream5_IRQHandler
                0x08005564                PVD_IRQHandler
                0x08005564                SDIO_IRQHandler
                0x08005564                TAMP_STAMP_IRQHandler
                0x08005564                CAN2_RX1_IRQHandler
                0x08005564                EXTI3_IRQHandler
                0x08005564                TIM8_TRG_COM_TIM14_IRQHandler
                0x08005564                TIM1_UP_TIM10_IRQHandler
                0x08005564                TIM8_UP_TIM13_IRQHandler
                0x08005564                I2C3_ER_IRQHandler
                0x08005564                EXTI0_IRQHandler
                0x08005564                I2C2_EV_IRQHandler
                0x08005564                DMA1_Stream2_IRQHandler
                0x08005564                CAN1_RX0_IRQHandler
                0x08005564                FPU_IRQHandler
                0x08005564                OTG_HS_WKUP_IRQHandler
                0x08005564                CAN2_SCE_IRQHandler
                0x08005564                DMA2_Stream2_IRQHandler
                0x08005564                SPI1_IRQHandler
                0x08005564                TIM6_DAC_IRQHandler
                0x08005564                TIM1_BRK_TIM9_IRQHandler
                0x08005564                DCMI_IRQHandler
                0x08005564                CAN2_RX0_IRQHandler
                0x08005564                DMA2_Stream3_IRQHandler
                0x08005564                SAI2_IRQHandler
                0x08005564                USART6_IRQHandler
                0x08005564                USART3_IRQHandler
                0x08005564                CAN1_RX1_IRQHandler
                0x08005564                UART5_IRQHandler
                0x08005564                DMA2_Stream0_IRQHandler
                0x08005564                TIM4_IRQHandler
                0x08005564                QUADSPI_IRQHandler
                0x08005564                I2C1_EV_IRQHandler
                0x08005564                DMA1_Stream6_IRQHandler
                0x08005564                DMA1_Stream1_IRQHandler
                0x08005564                UART4_IRQHandler
                0x08005564                TIM3_IRQHandler
                0x08005564                RCC_IRQHandler
                0x08005564                TIM8_BRK_TIM12_IRQHandler
                0x08005564                Default_Handler
                0x08005564                CEC_IRQHandler
                0x08005564                EXTI15_10_IRQHandler
                0x08005564                ADC_IRQHandler
                0x08005564                DMA1_Stream7_IRQHandler
                0x08005564                TIM7_IRQHandler
                0x08005564                CAN2_TX_IRQHandler
                0x08005564                TIM5_IRQHandler
                0x08005564                DMA2_Stream7_IRQHandler
                0x08005564                I2C3_EV_IRQHandler
                0x08005564                EXTI9_5_IRQHandler
                0x08005564                RTC_WKUP_IRQHandler
                0x08005564                SPDIF_RX_IRQHandler
                0x08005564                SPI2_IRQHandler
                0x08005564                OTG_HS_EP1_IN_IRQHandler
                0x08005564                DMA1_Stream0_IRQHandler
                0x08005564                CAN1_TX_IRQHandler
                0x08005564                FMPI2C1_ER_IRQHandler
                0x08005564                EXTI4_IRQHandler
                0x08005564                OTG_HS_EP1_OUT_IRQHandler
                0x08005564                WWDG_IRQHandler
                0x08005564                TIM2_IRQHandler
                0x08005564                OTG_FS_WKUP_IRQHandler
                0x08005564                TIM1_TRG_COM_TIM11_IRQHandler
                0x08005564                OTG_HS_IRQHandler
                0x08005564                EXTI1_IRQHandler
                0x08005564                USART2_IRQHandler
                0x08005564                I2C2_ER_IRQHandler
                0x08005564                DMA2_Stream1_IRQHandler
                0x08005564                CAN1_SCE_IRQHandler
                0x08005564                FLASH_IRQHandler
                0x08005564                DMA2_Stream4_IRQHandler
                0x08005564                USART1_IRQHandler
                0x08005564                OTG_FS_IRQHandler
                0x08005564                SPI3_IRQHandler
                0x08005564                DMA1_Stream4_IRQHandler
                0x08005564                I2C1_ER_IRQHandler
                0x08005564                FMC_IRQHandler
                0x08005564                DMA2_Stream6_IRQHandler
                0x08005564                SAI1_IRQHandler
                0x08005564                DMA1_Stream3_IRQHandler
 .text.__aeabi_memcpy
                0x08005566        0x4 c:/program files (x86)/atollic/truestudio for stm32 9.3.0/armtools/bin/../lib/gcc/arm-atollic-eabi/6.3.1/../../../../arm-atollic-eabi/lib/armv7e-m/fpu\libc_nano.a(lib_a-aeabi_memcpy.o)
                0x08005566                __aeabi_memcpy4
                0x08005566                __aeabi_memcpy8
                0x08005566                __aeabi_memcpy
 *fill*         0x0800556a        0x2 
 .text.__errno  0x0800556c        0xc c:/program files (x86)/atollic/truestudio for stm32 9.3.0/armtools/bin/../lib/gcc/arm-atollic-eabi/6.3.1/../../../../arm-atollic-eabi/lib/armv7e-m/fpu\libc_nano.a(lib_a-errno.o)
                0x0800556c                __errno
 .text.__sflush_r
                0x08005578      0x110 c:/program files (x86)/atollic/truestudio for stm32 9.3.0/armtools/bin/../lib/gcc/arm-atollic-eabi/6.3.1/../../../../arm-atollic-eabi/lib/armv7e-m/fpu\libc_nano.a(lib_a-fflush.o)
                0x08005578                __sflush_r
 .text._fflush_r
                0x08005688       0x54 c:/program files (x86)/atollic/truestudio for stm32 9.3.0/armtools/bin/../lib/gcc/arm-atollic-eabi/6.3.1/../../../../arm-atollic-eabi/lib/armv7e-m/fpu\libc_nano.a(lib_a-fflush.o)
                0x08005688                _fflush_r
 .text._cleanup_r
                0x080056dc        0xc c:/program files (x86)/atollic/truestudio for stm32 9.3.0/armtools/bin/../lib/gcc/arm-atollic-eabi/6.3.1/../../../../arm-atollic-eabi/lib/armv7e-m/fpu\libc_nano.a(lib_a-findfp.o)
                0x080056dc                _cleanup_r
 .text.std.isra.0
                0x080056e8       0x48 c:/program files (x86)/atollic/truestudio for stm32 9.3.0/armtools/bin/../lib/gcc/arm-atollic-eabi/6.3.1/../../../../arm-atollic-eabi/lib/armv7e-m/fpu\libc_nano.a(lib_a-findfp.o)
 .text.__sfmoreglue
                0x08005730       0x2c c:/program files (x86)/atollic/truestudio for stm32 9.3.0/armtools/bin/../lib/gcc/arm-atollic-eabi/6.3.1/../../../../arm-atollic-eabi/lib/armv7e-m/fpu\libc_nano.a(lib_a-findfp.o)
                0x08005730                __sfmoreglue
 .text.__sinit  0x0800575c       0x60 c:/program files (x86)/atollic/truestudio for stm32 9.3.0/armtools/bin/../lib/gcc/arm-atollic-eabi/6.3.1/../../../../arm-atollic-eabi/lib/armv7e-m/fpu\libc_nano.a(lib_a-findfp.o)
                0x0800575c                __sinit
 .text.__sfp    0x080057bc       0x78 c:/program files (x86)/atollic/truestudio for stm32 9.3.0/armtools/bin/../lib/gcc/arm-atollic-eabi/6.3.1/../../../../arm-atollic-eabi/lib/armv7e-m/fpu\libc_nano.a(lib_a-findfp.o)
                0x080057bc                __sfp
 .text._fwalk_reent
                0x08005834       0x3c c:/program files (x86)/atollic/truestudio for stm32 9.3.0/armtools/bin/../lib/gcc/arm-atollic-eabi/6.3.1/../../../../arm-atollic-eabi/lib/armv7e-m/fpu\libc_nano.a(lib_a-fwalk.o)
                0x08005834                _fwalk_reent
 .text.__libc_init_array
                0x08005870       0x48 c:/program files (x86)/atollic/truestudio for stm32 9.3.0/armtools/bin/../lib/gcc/arm-atollic-eabi/6.3.1/../../../../arm-atollic-eabi/lib/armv7e-m/fpu\libc_nano.a(lib_a-init.o)
                0x08005870                __libc_init_array
 .text.memcmp   0x080058b8       0x1e c:/program files (x86)/atollic/truestudio for stm32 9.3.0/armtools/bin/../lib/gcc/arm-atollic-eabi/6.3.1/../../../../arm-atollic-eabi/lib/armv7e-m/fpu\libc_nano.a(lib_a-memcmp.o)
                0x080058b8                memcmp
 .text.memcpy   0x080058d6       0x16 c:/program files (x86)/atollic/truestudio for stm32 9.3.0/armtools/bin/../lib/gcc/arm-atollic-eabi/6.3.1/../../../../arm-atollic-eabi/lib/armv7e-m/fpu\libc_nano.a(lib_a-memcpy-stub.o)
                0x080058d6                memcpy
 .text.memset   0x080058ec       0x10 c:/program files (x86)/atollic/truestudio for stm32 9.3.0/armtools/bin/../lib/gcc/arm-atollic-eabi/6.3.1/../../../../arm-atollic-eabi/lib/armv7e-m/fpu\libc_nano.a(lib_a-memset.o)
                0x080058ec                memset
 .text._free_r  0x080058fc       0x9c c:/program files (x86)/atollic/truestudio for stm32 9.3.0/armtools/bin/../lib/gcc/arm-atollic-eabi/6.3.1/../../../../arm-atollic-eabi/lib/armv7e-m/fpu\libc_nano.a(lib_a-nano-freer.o)
                0x080058fc                _free_r
 .text._malloc_r
                0x08005998       0xbc c:/program files (x86)/atollic/truestudio for stm32 9.3.0/armtools/bin/../lib/gcc/arm-atollic-eabi/6.3.1/../../../../arm-atollic-eabi/lib/armv7e-m/fpu\libc_nano.a(lib_a-nano-mallocr.o)
                0x08005998                _malloc_r
 .text.printf   0x08005a54       0x30 c:/program files (x86)/atollic/truestudio for stm32 9.3.0/armtools/bin/../lib/gcc/arm-atollic-eabi/6.3.1/../../../../arm-atollic-eabi/lib/armv7e-m/fpu\libc_nano.a(lib_a-printf.o)
                0x08005a54                iprintf
                0x08005a54                printf
 .text._puts_r  0x08005a84       0xb8 c:/program files (x86)/atollic/truestudio for stm32 9.3.0/armtools/bin/../lib/gcc/arm-atollic-eabi/6.3.1/../../../../arm-atollic-eabi/lib/armv7e-m/fpu\libc_nano.a(lib_a-puts.o)
                0x08005a84                _puts_r
 .text.puts     0x08005b3c       0x10 c:/program files (x86)/atollic/truestudio for stm32 9.3.0/armtools/bin/../lib/gcc/arm-atollic-eabi/6.3.1/../../../../arm-atollic-eabi/lib/armv7e-m/fpu\libc_nano.a(lib_a-puts.o)
                0x08005b3c                puts
 .text._sbrk_r  0x08005b4c       0x20 c:/program files (x86)/atollic/truestudio for stm32 9.3.0/armtools/bin/../lib/gcc/arm-atollic-eabi/6.3.1/../../../../arm-atollic-eabi/lib/armv7e-m/fpu\libc_nano.a(lib_a-sbrkr.o)
                0x08005b4c                _sbrk_r
 .text.__sread  0x08005b6c       0x22 c:/program files (x86)/atollic/truestudio for stm32 9.3.0/armtools/bin/../lib/gcc/arm-atollic-eabi/6.3.1/../../../../arm-atollic-eabi/lib/armv7e-m/fpu\libc_nano.a(lib_a-stdio.o)
                0x08005b6c                __sread
 .text.__swrite
                0x08005b8e       0x38 c:/program files (x86)/atollic/truestudio for stm32 9.3.0/armtools/bin/../lib/gcc/arm-atollic-eabi/6.3.1/../../../../arm-atollic-eabi/lib/armv7e-m/fpu\libc_nano.a(lib_a-stdio.o)
                0x08005b8e                __swrite
 .text.__sseek  0x08005bc6       0x24 c:/program files (x86)/atollic/truestudio for stm32 9.3.0/armtools/bin/../lib/gcc/arm-atollic-eabi/6.3.1/../../../../arm-atollic-eabi/lib/armv7e-m/fpu\libc_nano.a(lib_a-stdio.o)
                0x08005bc6                __sseek
 .text.__sclose
                0x08005bea        0x8 c:/program files (x86)/atollic/truestudio for stm32 9.3.0/armtools/bin/../lib/gcc/arm-atollic-eabi/6.3.1/../../../../arm-atollic-eabi/lib/armv7e-m/fpu\libc_nano.a(lib_a-stdio.o)
                0x08005bea                __sclose
 *fill*         0x08005bf2        0x2 
 .text.__swbuf_r
                0x08005bf4       0xa4 c:/program files (x86)/atollic/truestudio for stm32 9.3.0/armtools/bin/../lib/gcc/arm-atollic-eabi/6.3.1/../../../../arm-atollic-eabi/lib/armv7e-m/fpu\libc_nano.a(lib_a-wbuf.o)
                0x08005bf4                __swbuf_r
 .text._write_r
                0x08005c98       0x24 c:/program files (x86)/atollic/truestudio for stm32 9.3.0/armtools/bin/../lib/gcc/arm-atollic-eabi/6.3.1/../../../../arm-atollic-eabi/lib/armv7e-m/fpu\libc_nano.a(lib_a-writer.o)
                0x08005c98                _write_r
 .text.__swsetup_r
                0x08005cbc       0xdc c:/program files (x86)/atollic/truestudio for stm32 9.3.0/armtools/bin/../lib/gcc/arm-atollic-eabi/6.3.1/../../../../arm-atollic-eabi/lib/armv7e-m/fpu\libc_nano.a(lib_a-wsetup.o)
                0x08005cbc                __swsetup_r
 .text._close_r
                0x08005d98       0x20 c:/program files (x86)/atollic/truestudio for stm32 9.3.0/armtools/bin/../lib/gcc/arm-atollic-eabi/6.3.1/../../../../arm-atollic-eabi/lib/armv7e-m/fpu\libc_nano.a(lib_a-closer.o)
                0x08005d98                _close_r
 .text._lseek_r
                0x08005db8       0x24 c:/program files (x86)/atollic/truestudio for stm32 9.3.0/armtools/bin/../lib/gcc/arm-atollic-eabi/6.3.1/../../../../arm-atollic-eabi/lib/armv7e-m/fpu\libc_nano.a(lib_a-lseekr.o)
                0x08005db8                _lseek_r
 .text.__swhatbuf_r
                0x08005ddc       0x48 c:/program files (x86)/atollic/truestudio for stm32 9.3.0/armtools/bin/../lib/gcc/arm-atollic-eabi/6.3.1/../../../../arm-atollic-eabi/lib/armv7e-m/fpu\libc_nano.a(lib_a-makebuf.o)
                0x08005ddc                __swhatbuf_r
 .text.__smakebuf_r
                0x08005e24       0x80 c:/program files (x86)/atollic/truestudio for stm32 9.3.0/armtools/bin/../lib/gcc/arm-atollic-eabi/6.3.1/../../../../arm-atollic-eabi/lib/armv7e-m/fpu\libc_nano.a(lib_a-makebuf.o)
                0x08005e24                __smakebuf_r
 .text.__malloc_lock
                0x08005ea4        0x2 c:/program files (x86)/atollic/truestudio for stm32 9.3.0/armtools/bin/../lib/gcc/arm-atollic-eabi/6.3.1/../../../../arm-atollic-eabi/lib/armv7e-m/fpu\libc_nano.a(lib_a-mlock.o)
                0x08005ea4                __malloc_lock
 .text.__malloc_unlock
                0x08005ea6        0x2 c:/program files (x86)/atollic/truestudio for stm32 9.3.0/armtools/bin/../lib/gcc/arm-atollic-eabi/6.3.1/../../../../arm-atollic-eabi/lib/armv7e-m/fpu\libc_nano.a(lib_a-mlock.o)
                0x08005ea6                __malloc_unlock
 .text.__sfputc_r
                0x08005ea8       0x30 c:/program files (x86)/atollic/truestudio for stm32 9.3.0/armtools/bin/../lib/gcc/arm-atollic-eabi/6.3.1/../../../../arm-atollic-eabi/lib/armv7e-m/fpu\libc_nano.a(lib_a-nano-vfprintf.o)
 .text.__sfputs_r
                0x08005ed8       0x24 c:/program files (x86)/atollic/truestudio for stm32 9.3.0/armtools/bin/../lib/gcc/arm-atollic-eabi/6.3.1/../../../../arm-atollic-eabi/lib/armv7e-m/fpu\libc_nano.a(lib_a-nano-vfprintf.o)
                0x08005ed8                __sfputs_r
 .text._vfprintf_r
                0x08005efc      0x22c c:/program files (x86)/atollic/truestudio for stm32 9.3.0/armtools/bin/../lib/gcc/arm-atollic-eabi/6.3.1/../../../../arm-atollic-eabi/lib/armv7e-m/fpu\libc_nano.a(lib_a-nano-vfprintf.o)
                0x08005efc                _vfprintf_r
                0x08005efc                _vfiprintf_r
 .text._printf_common
                0x08006128       0xec c:/program files (x86)/atollic/truestudio for stm32 9.3.0/armtools/bin/../lib/gcc/arm-atollic-eabi/6.3.1/../../../../arm-atollic-eabi/lib/armv7e-m/fpu\libc_nano.a(lib_a-nano-vfprintf_i.o)
                0x08006128                _printf_common
 .text._printf_i
                0x08006214      0x240 c:/program files (x86)/atollic/truestudio for stm32 9.3.0/armtools/bin/../lib/gcc/arm-atollic-eabi/6.3.1/../../../../arm-atollic-eabi/lib/armv7e-m/fpu\libc_nano.a(lib_a-nano-vfprintf_i.o)
                0x08006214                _printf_i
 .text._read_r  0x08006454       0x24 c:/program files (x86)/atollic/truestudio for stm32 9.3.0/armtools/bin/../lib/gcc/arm-atollic-eabi/6.3.1/../../../../arm-atollic-eabi/lib/armv7e-m/fpu\libc_nano.a(lib_a-readr.o)
                0x08006454                _read_r
 .text._fstat_r
                0x08006478       0x24 c:/program files (x86)/atollic/truestudio for stm32 9.3.0/armtools/bin/../lib/gcc/arm-atollic-eabi/6.3.1/../../../../arm-atollic-eabi/lib/armv7e-m/fpu\libc_nano.a(lib_a-fstatr.o)
                0x08006478                _fstat_r
 .text._isatty_r
                0x0800649c       0x20 c:/program files (x86)/atollic/truestudio for stm32 9.3.0/armtools/bin/../lib/gcc/arm-atollic-eabi/6.3.1/../../../../arm-atollic-eabi/lib/armv7e-m/fpu\libc_nano.a(lib_a-isattyr.o)
                0x0800649c                _isatty_r
 .text.tanhf    0x080064bc       0xa4 c:/program files (x86)/atollic/truestudio for stm32 9.3.0/armtools/bin/../lib/gcc/arm-atollic-eabi/6.3.1/../../../../arm-atollic-eabi/lib/armv7e-m/fpu\libm.a(lib_a-sf_tanh.o)
                0x080064bc                tanhf
 .text.expf     0x08006560       0xf4 c:/program files (x86)/atollic/truestudio for stm32 9.3.0/armtools/bin/../lib/gcc/arm-atollic-eabi/6.3.1/../../../../arm-atollic-eabi/lib/armv7e-m/fpu\libm.a(lib_a-wf_exp.o)
                0x08006560                expf
 .text.powf     0x08006654      0x2f8 c:/program files (x86)/atollic/truestudio for stm32 9.3.0/armtools/bin/../lib/gcc/arm-atollic-eabi/6.3.1/../../../../arm-atollic-eabi/lib/armv7e-m/fpu\libm.a(lib_a-wf_pow.o)
                0x08006654                powf
 .text.__ieee754_expf
                0x0800694c      0x1a8 c:/program files (x86)/atollic/truestudio for stm32 9.3.0/armtools/bin/../lib/gcc/arm-atollic-eabi/6.3.1/../../../../arm-atollic-eabi/lib/armv7e-m/fpu\libm.a(lib_a-ef_exp.o)
                0x0800694c                __ieee754_expf
 .text.__ieee754_powf
                0x08006af4      0x584 c:/program files (x86)/atollic/truestudio for stm32 9.3.0/armtools/bin/../lib/gcc/arm-atollic-eabi/6.3.1/../../../../arm-atollic-eabi/lib/armv7e-m/fpu\libm.a(lib_a-ef_pow.o)
                0x08006af4                __ieee754_powf
 .text.__ieee754_sqrtf
                0x08007078       0x8e c:/program files (x86)/atollic/truestudio for stm32 9.3.0/armtools/bin/../lib/gcc/arm-atollic-eabi/6.3.1/../../../../arm-atollic-eabi/lib/armv7e-m/fpu\libm.a(lib_a-ef_sqrt.o)
                0x08007078                __ieee754_sqrtf
 .text.matherr  0x08007106        0x4 c:/program files (x86)/atollic/truestudio for stm32 9.3.0/armtools/bin/../lib/gcc/arm-atollic-eabi/6.3.1/../../../../arm-atollic-eabi/lib/armv7e-m/fpu\libm.a(lib_a-s_matherr.o)
                0x08007106                matherr
 *fill*         0x0800710a        0x2 
 .text.rint     0x0800710c      0x110 c:/program files (x86)/atollic/truestudio for stm32 9.3.0/armtools/bin/../lib/gcc/arm-atollic-eabi/6.3.1/../../../../arm-atollic-eabi/lib/armv7e-m/fpu\libm.a(lib_a-s_rint.o)
                0x0800710c                rint
 .text.expm1f   0x0800721c      0x258 c:/program files (x86)/atollic/truestudio for stm32 9.3.0/armtools/bin/../lib/gcc/arm-atollic-eabi/6.3.1/../../../../arm-atollic-eabi/lib/armv7e-m/fpu\libm.a(lib_a-sf_expm1.o)
                0x0800721c                expm1f
 .text.fabsf    0x08007474        0xe c:/program files (x86)/atollic/truestudio for stm32 9.3.0/armtools/bin/../lib/gcc/arm-atollic-eabi/6.3.1/../../../../arm-atollic-eabi/lib/armv7e-m/fpu\libm.a(lib_a-sf_fabs.o)
                0x08007474                fabsf
 .text.finitef  0x08007482       0x14 c:/program files (x86)/atollic/truestudio for stm32 9.3.0/armtools/bin/../lib/gcc/arm-atollic-eabi/6.3.1/../../../../arm-atollic-eabi/lib/armv7e-m/fpu\libm.a(lib_a-sf_finite.o)
                0x08007482                finitef
 *fill*         0x08007496        0x2 
 .text.nanf     0x08007498        0xc c:/program files (x86)/atollic/truestudio for stm32 9.3.0/armtools/bin/../lib/gcc/arm-atollic-eabi/6.3.1/../../../../arm-atollic-eabi/lib/armv7e-m/fpu\libm.a(lib_a-sf_nan.o)
                0x08007498                nanf
 .text.scalbnf  0x080074a4       0xc0 c:/program files (x86)/atollic/truestudio for stm32 9.3.0/armtools/bin/../lib/gcc/arm-atollic-eabi/6.3.1/../../../../arm-atollic-eabi/lib/armv7e-m/fpu\libm.a(lib_a-sf_scalbn.o)
                0x080074a4                scalbnf
 .text.copysignf
                0x08007564       0x18 c:/program files (x86)/atollic/truestudio for stm32 9.3.0/armtools/bin/../lib/gcc/arm-atollic-eabi/6.3.1/../../../../arm-atollic-eabi/lib/armv7e-m/fpu\libm.a(lib_a-sf_copysign.o)
                0x08007564                copysignf
 *(.glue_7)
 .glue_7        0x0800757c        0x0 linker stubs
 *(.glue_7t)
 .glue_7t       0x0800757c        0x0 linker stubs
 *(.eh_frame)
 .eh_frame      0x0800757c        0x0 c:/program files (x86)/atollic/truestudio for stm32 9.3.0/armtools/bin/../lib/gcc/arm-atollic-eabi/6.3.1/armv7e-m/fpu/crtbegin.o
 *(.init)
 .init          0x0800757c        0x4 c:/program files (x86)/atollic/truestudio for stm32 9.3.0/armtools/bin/../lib/gcc/arm-atollic-eabi/6.3.1/armv7e-m/fpu/crti.o
                0x0800757c                _init
 .init          0x08007580        0x8 c:/program files (x86)/atollic/truestudio for stm32 9.3.0/armtools/bin/../lib/gcc/arm-atollic-eabi/6.3.1/armv7e-m/fpu/crtn.o
 *(.fini)
 .fini          0x08007588        0x4 c:/program files (x86)/atollic/truestudio for stm32 9.3.0/armtools/bin/../lib/gcc/arm-atollic-eabi/6.3.1/armv7e-m/fpu/crti.o
                0x08007588                _fini
 .fini          0x0800758c        0x8 c:/program files (x86)/atollic/truestudio for stm32 9.3.0/armtools/bin/../lib/gcc/arm-atollic-eabi/6.3.1/armv7e-m/fpu/crtn.o
                0x08007594                . = ALIGN (0x4)
                0x08007594                _etext = .

.vfp11_veneer   0x08007594        0x0
 .vfp11_veneer  0x08007594        0x0 linker stubs

.v4_bx          0x08007594        0x0
 .v4_bx         0x08007594        0x0 linker stubs

.iplt           0x08007594        0x0
 .iplt          0x08007594        0x0 c:/program files (x86)/atollic/truestudio for stm32 9.3.0/armtools/bin/../lib/gcc/arm-atollic-eabi/6.3.1/armv7e-m/fpu/crtbegin.o

.rodata         0x08007598     0x43a0
                0x08007598                . = ALIGN (0x4)
 *(.rodata)
 *(.rodata*)
 .rodata.s_network_weights.5391
                0x08007598     0x3d60 Middlewares\ST\AI\AI\data\network_data.o
 .rodata.ai_network_get_info.str1.1
                0x0800b2f8       0x5e Middlewares\ST\AI\AI\src\network.o
 *fill*         0x0800b356        0x2 
 .rodata.conv2d_2_chain
                0x0800b358        0x4 Middlewares\ST\AI\AI\src\network.o
 .rodata.dense_3_chain
                0x0800b35c        0x4 Middlewares\ST\AI\AI\src\network.o
 .rodata.dense_3_nl_chain
                0x0800b360        0x4 Middlewares\ST\AI\AI\src\network.o
 .rodata.dense_4_chain
                0x0800b364        0x4 Middlewares\ST\AI\AI\src\network.o
 .rodata.dense_4_nl_chain
                0x0800b368        0x4 Middlewares\ST\AI\AI\src\network.o
 .rodata.MX_X_CUBE_AI_Init.str1.1
                0x0800b36c       0x17 Src\app_x-cube-ai.o
 .rodata.MX_X_CUBE_AI_Process.str1.1
                0x0800b383       0x21 Src\app_x-cube-ai.o
                                 0x23 (size before relaxing)
 .rodata.DATA_Infer.str1.1
                0x0800b3a4       0x27 Src\data_Processor.o
 .rodata.DATA_InitProcesser.str1.1
                0x0800b3cb      0x3d1 Src\data_Processor.o
 .rodata.aiPrintLayoutBuffer.str1.1
                0x0800b79c       0x99 Src\data_Processor.o
 .rodata.AHBPrescTable
                0x0800b835       0x10 Src\system_stm32f4xx.o
                0x0800b835                AHBPrescTable
 .rodata.APBPrescTable
                0x0800b845        0x8 Src\system_stm32f4xx.o
                0x0800b845                APBPrescTable
 *fill*         0x0800b84d        0x3 
 .rodata.__sf_fake_stderr
                0x0800b850       0x20 c:/program files (x86)/atollic/truestudio for stm32 9.3.0/armtools/bin/../lib/gcc/arm-atollic-eabi/6.3.1/../../../../arm-atollic-eabi/lib/armv7e-m/fpu\libc_nano.a(lib_a-findfp.o)
                0x0800b850                __sf_fake_stderr
 .rodata.__sf_fake_stdin
                0x0800b870       0x20 c:/program files (x86)/atollic/truestudio for stm32 9.3.0/armtools/bin/../lib/gcc/arm-atollic-eabi/6.3.1/../../../../arm-atollic-eabi/lib/armv7e-m/fpu\libc_nano.a(lib_a-findfp.o)
                0x0800b870                __sf_fake_stdin
 .rodata.__sf_fake_stdout
                0x0800b890       0x20 c:/program files (x86)/atollic/truestudio for stm32 9.3.0/armtools/bin/../lib/gcc/arm-atollic-eabi/6.3.1/../../../../arm-atollic-eabi/lib/armv7e-m/fpu\libc_nano.a(lib_a-findfp.o)
                0x0800b890                __sf_fake_stdout
 .rodata._global_impure_ptr
                0x0800b8b0        0x4 c:/program files (x86)/atollic/truestudio for stm32 9.3.0/armtools/bin/../lib/gcc/arm-atollic-eabi/6.3.1/../../../../arm-atollic-eabi/lib/armv7e-m/fpu\libc_nano.a(lib_a-impure.o)
                0x0800b8b0                _global_impure_ptr
 .rodata._vfprintf_r.str1.1
                0x0800b8b4       0x11 c:/program files (x86)/atollic/truestudio for stm32 9.3.0/armtools/bin/../lib/gcc/arm-atollic-eabi/6.3.1/../../../../arm-atollic-eabi/lib/armv7e-m/fpu\libc_nano.a(lib_a-nano-vfprintf.o)
 .rodata._printf_i.str1.1
                0x0800b8c5       0x22 c:/program files (x86)/atollic/truestudio for stm32 9.3.0/armtools/bin/../lib/gcc/arm-atollic-eabi/6.3.1/../../../../arm-atollic-eabi/lib/armv7e-m/fpu\libc_nano.a(lib_a-nano-vfprintf_i.o)
 .rodata.expf.str1.1
                0x0800b8e7        0x5 c:/program files (x86)/atollic/truestudio for stm32 9.3.0/armtools/bin/../lib/gcc/arm-atollic-eabi/6.3.1/../../../../arm-atollic-eabi/lib/armv7e-m/fpu\libm.a(lib_a-wf_exp.o)
 .rodata.powf.str1.1
                0x0800b8ec        0x5 c:/program files (x86)/atollic/truestudio for stm32 9.3.0/armtools/bin/../lib/gcc/arm-atollic-eabi/6.3.1/../../../../arm-atollic-eabi/lib/armv7e-m/fpu\libm.a(lib_a-wf_pow.o)
 *fill*         0x0800b8f1        0x3 
 .rodata.halF   0x0800b8f4        0x8 c:/program files (x86)/atollic/truestudio for stm32 9.3.0/armtools/bin/../lib/gcc/arm-atollic-eabi/6.3.1/../../../../arm-atollic-eabi/lib/armv7e-m/fpu\libm.a(lib_a-ef_exp.o)
 .rodata.ln2HI  0x0800b8fc        0x8 c:/program files (x86)/atollic/truestudio for stm32 9.3.0/armtools/bin/../lib/gcc/arm-atollic-eabi/6.3.1/../../../../arm-atollic-eabi/lib/armv7e-m/fpu\libm.a(lib_a-ef_exp.o)
 .rodata.ln2LO  0x0800b904        0x8 c:/program files (x86)/atollic/truestudio for stm32 9.3.0/armtools/bin/../lib/gcc/arm-atollic-eabi/6.3.1/../../../../arm-atollic-eabi/lib/armv7e-m/fpu\libm.a(lib_a-ef_exp.o)
 .rodata.__ieee754_powf.str1.1
                0x0800b90c        0x5 c:/program files (x86)/atollic/truestudio for stm32 9.3.0/armtools/bin/../lib/gcc/arm-atollic-eabi/6.3.1/../../../../arm-atollic-eabi/lib/armv7e-m/fpu\libm.a(lib_a-ef_pow.o)
                                  0x1 (size before relaxing)
 .rodata.bp     0x0800b90c        0x8 c:/program files (x86)/atollic/truestudio for stm32 9.3.0/armtools/bin/../lib/gcc/arm-atollic-eabi/6.3.1/../../../../arm-atollic-eabi/lib/armv7e-m/fpu\libm.a(lib_a-ef_pow.o)
 .rodata.dp_h   0x0800b914        0x8 c:/program files (x86)/atollic/truestudio for stm32 9.3.0/armtools/bin/../lib/gcc/arm-atollic-eabi/6.3.1/../../../../arm-atollic-eabi/lib/armv7e-m/fpu\libm.a(lib_a-ef_pow.o)
 .rodata.dp_l   0x0800b91c        0x8 c:/program files (x86)/atollic/truestudio for stm32 9.3.0/armtools/bin/../lib/gcc/arm-atollic-eabi/6.3.1/../../../../arm-atollic-eabi/lib/armv7e-m/fpu\libm.a(lib_a-ef_pow.o)
 *fill*         0x0800b924        0x4 
 .rodata.TWO52  0x0800b928       0x10 c:/program files (x86)/atollic/truestudio for stm32 9.3.0/armtools/bin/../lib/gcc/arm-atollic-eabi/6.3.1/../../../../arm-atollic-eabi/lib/armv7e-m/fpu\libm.a(lib_a-s_rint.o)
                0x0800b938                . = ALIGN (0x4)

.ARM.extab
 *(.ARM.extab* .gnu.linkonce.armextab.*)

.ARM            0x0800b938        0x8
                0x0800b938                __exidx_start = .
 *(.ARM.exidx*)
 .ARM.exidx     0x0800b938        0x8 c:/program files (x86)/atollic/truestudio for stm32 9.3.0/armtools/bin/../lib/gcc/arm-atollic-eabi/6.3.1/armv7e-m/fpu\libgcc.a(_udivmoddi4.o)
                0x0800b940                __exidx_end = .

.rel.dyn        0x0800b940        0x0
 .rel.iplt      0x0800b940        0x0 c:/program files (x86)/atollic/truestudio for stm32 9.3.0/armtools/bin/../lib/gcc/arm-atollic-eabi/6.3.1/armv7e-m/fpu/crtbegin.o

.preinit_array  0x0800b940        0x0
                0x0800b940                PROVIDE (__preinit_array_start, .)
 *(.preinit_array*)
                0x0800b940                PROVIDE (__preinit_array_end, .)

.init_array     0x0800b940        0x4
                0x0800b940                PROVIDE (__init_array_start, .)
 *(SORT(.init_array.*))
 *(.init_array*)
 .init_array    0x0800b940        0x4 c:/program files (x86)/atollic/truestudio for stm32 9.3.0/armtools/bin/../lib/gcc/arm-atollic-eabi/6.3.1/armv7e-m/fpu/crtbegin.o
                0x0800b944                PROVIDE (__init_array_end, .)

.fini_array     0x0800b944        0x4
                [!provide]                PROVIDE (__fini_array_start, .)
 *(SORT(.fini_array.*))
 *(.fini_array*)
 .fini_array    0x0800b944        0x4 c:/program files (x86)/atollic/truestudio for stm32 9.3.0/armtools/bin/../lib/gcc/arm-atollic-eabi/6.3.1/armv7e-m/fpu/crtbegin.o
                [!provide]                PROVIDE (__fini_array_end, .)
                0x0800b948                _sidata = LOADADDR (.data)

.data           0x20000000      0x4fc load address 0x0800b948
                0x20000000                . = ALIGN (0x4)
                0x20000000                _sdata = .
 *(.data)
 *(.data*)
 .data.uwTickFreq
                0x20000000        0x1 Drivers\STM32F4xx_HAL_Driver\Src\stm32f4xx_hal.o
                0x20000000                uwTickFreq
 *fill*         0x20000001        0x3 
 .data.uwTickPrio
                0x20000004        0x4 Drivers\STM32F4xx_HAL_Driver\Src\stm32f4xx_hal.o
                0x20000004                uwTickPrio
 .data.__compound_literal.0
                0x20000008        0x8 Middlewares\ST\AI\AI\src\network.o
 .data.__compound_literal.1
                0x20000010        0x8 Middlewares\ST\AI\AI\src\network.o
 .data.__compound_literal.10
                0x20000018        0x8 Middlewares\ST\AI\AI\src\network.o
 .data.__compound_literal.11
                0x20000020        0x8 Middlewares\ST\AI\AI\src\network.o
 .data.__compound_literal.14
                0x20000028       0x10 Middlewares\ST\AI\AI\src\network.o
 .data.__compound_literal.15
                0x20000038        0x8 Middlewares\ST\AI\AI\src\network.o
 .data.__compound_literal.16
                0x20000040        0x8 Middlewares\ST\AI\AI\src\network.o
 .data.__compound_literal.17
                0x20000048        0xc Middlewares\ST\AI\AI\src\network.o
 .data.__compound_literal.19
                0x20000054       0x10 Middlewares\ST\AI\AI\src\network.o
 .data.__compound_literal.2
                0x20000064        0xc Middlewares\ST\AI\AI\src\network.o
 .data.__compound_literal.20
                0x20000070        0x8 Middlewares\ST\AI\AI\src\network.o
 .data.__compound_literal.21
                0x20000078        0x8 Middlewares\ST\AI\AI\src\network.o
 .data.__compound_literal.24
                0x20000080       0x10 Middlewares\ST\AI\AI\src\network.o
 .data.__compound_literal.4
                0x20000090       0x10 Middlewares\ST\AI\AI\src\network.o
 .data.__compound_literal.5
                0x200000a0        0x8 Middlewares\ST\AI\AI\src\network.o
 .data.__compound_literal.6
                0x200000a8        0x8 Middlewares\ST\AI\AI\src\network.o
 .data.__compound_literal.7
                0x200000b0        0xc Middlewares\ST\AI\AI\src\network.o
 .data.__compound_literal.9
                0x200000bc       0x10 Middlewares\ST\AI\AI\src\network.o
 .data.conv2d_2_bias
                0x200000cc       0x24 Middlewares\ST\AI\AI\src\network.o
 .data.conv2d_2_bias_array
                0x200000f0       0x10 Middlewares\ST\AI\AI\src\network.o
 .data.conv2d_2_layer
                0x20000100       0x54 Middlewares\ST\AI\AI\src\network.o
 .data.conv2d_2_output_in
                0x20000154       0x24 Middlewares\ST\AI\AI\src\network.o
 .data.conv2d_2_output_in_array
                0x20000178       0x10 Middlewares\ST\AI\AI\src\network.o
 .data.conv2d_2_output_out
                0x20000188       0x24 Middlewares\ST\AI\AI\src\network.o
 .data.conv2d_2_output_out_array
                0x200001ac       0x10 Middlewares\ST\AI\AI\src\network.o
 .data.conv2d_2_weights
                0x200001bc       0x24 Middlewares\ST\AI\AI\src\network.o
 .data.conv2d_2_weights_array
                0x200001e0       0x10 Middlewares\ST\AI\AI\src\network.o
 .data.dense_3_bias
                0x200001f0       0x24 Middlewares\ST\AI\AI\src\network.o
 .data.dense_3_bias_array
                0x20000214       0x10 Middlewares\ST\AI\AI\src\network.o
 .data.dense_3_layer
                0x20000224       0x18 Middlewares\ST\AI\AI\src\network.o
 .data.dense_3_nl_layer
                0x2000023c       0x18 Middlewares\ST\AI\AI\src\network.o
 .data.dense_3_nl_output
                0x20000254       0x24 Middlewares\ST\AI\AI\src\network.o
 .data.dense_3_nl_output_array
                0x20000278       0x10 Middlewares\ST\AI\AI\src\network.o
 .data.dense_3_output
                0x20000288       0x24 Middlewares\ST\AI\AI\src\network.o
 .data.dense_3_output_array
                0x200002ac       0x10 Middlewares\ST\AI\AI\src\network.o
 .data.dense_3_weights
                0x200002bc       0x24 Middlewares\ST\AI\AI\src\network.o
 .data.dense_3_weights_array
                0x200002e0       0x10 Middlewares\ST\AI\AI\src\network.o
 .data.dense_4_bias
                0x200002f0       0x24 Middlewares\ST\AI\AI\src\network.o
 .data.dense_4_bias_array
                0x20000314       0x10 Middlewares\ST\AI\AI\src\network.o
 .data.dense_4_layer
                0x20000324       0x18 Middlewares\ST\AI\AI\src\network.o
 .data.dense_4_nl_layer
                0x2000033c       0x18 Middlewares\ST\AI\AI\src\network.o
 .data.dense_4_nl_output
                0x20000354       0x24 Middlewares\ST\AI\AI\src\network.o
 .data.dense_4_nl_output_array
                0x20000378       0x10 Middlewares\ST\AI\AI\src\network.o
 .data.dense_4_output
                0x20000388       0x24 Middlewares\ST\AI\AI\src\network.o
 .data.dense_4_output_array
                0x200003ac       0x10 Middlewares\ST\AI\AI\src\network.o
 .data.dense_4_weights
                0x200003bc       0x24 Middlewares\ST\AI\AI\src\network.o
 .data.dense_4_weights_array
                0x200003e0       0x10 Middlewares\ST\AI\AI\src\network.o
 .data.g_network
                0x200003f0       0x48 Middlewares\ST\AI\AI\src\network.o
 .data.input_0_output
                0x20000438       0x24 Middlewares\ST\AI\AI\src\network.o
 .data.input_0_output_array
                0x2000045c       0x10 Middlewares\ST\AI\AI\src\network.o
 .data.FinalResultCode
                0x2000046c        0x1 Src\data_Processor.o
 *fill*         0x2000046d        0x3 
 .data.ai_input
                0x20000470       0x10 Src\data_Processor.o
 .data.ai_output
                0x20000480       0x10 Src\data_Processor.o
 .data.SystemCoreClock
                0x20000490        0x4 Src\system_stm32f4xx.o
                0x20000490                SystemCoreClock
 .data._impure_ptr
                0x20000494        0x4 c:/program files (x86)/atollic/truestudio for stm32 9.3.0/armtools/bin/../lib/gcc/arm-atollic-eabi/6.3.1/../../../../arm-atollic-eabi/lib/armv7e-m/fpu\libc_nano.a(lib_a-impure.o)
                0x20000494                _impure_ptr
 .data.impure_data
                0x20000498       0x60 c:/program files (x86)/atollic/truestudio for stm32 9.3.0/armtools/bin/../lib/gcc/arm-atollic-eabi/6.3.1/../../../../arm-atollic-eabi/lib/armv7e-m/fpu\libc_nano.a(lib_a-impure.o)
 .data.__fdlib_version
                0x200004f8        0x1 c:/program files (x86)/atollic/truestudio for stm32 9.3.0/armtools/bin/../lib/gcc/arm-atollic-eabi/6.3.1/../../../../arm-atollic-eabi/lib/armv7e-m/fpu\libm.a(lib_a-s_lib_ver.o)
                0x200004f8                __fdlib_version
                0x200004fc                . = ALIGN (0x4)
 *fill*         0x200004f9        0x3 
                0x200004fc                _edata = .

.igot.plt       0x200004fc        0x0 load address 0x0800be44
 .igot.plt      0x200004fc        0x0 c:/program files (x86)/atollic/truestudio for stm32 9.3.0/armtools/bin/../lib/gcc/arm-atollic-eabi/6.3.1/armv7e-m/fpu/crtbegin.o
                0x200004fc                . = ALIGN (0x4)

.bss            0x200004fc      0xbf8 load address 0x0800be44
                0x200004fc                _sbss = .
                0x200004fc                __bss_start__ = _sbss
 *(.bss)
 .bss           0x200004fc       0x1c c:/program files (x86)/atollic/truestudio for stm32 9.3.0/armtools/bin/../lib/gcc/arm-atollic-eabi/6.3.1/armv7e-m/fpu/crtbegin.o
 *(.bss*)
 .bss.__compound_literal.12
                0x20000518        0x4 Middlewares\ST\AI\AI\src\network.o
 .bss.__compound_literal.13
                0x2000051c        0x4 Middlewares\ST\AI\AI\src\network.o
 .bss.__compound_literal.18
                0x20000520        0x4 Middlewares\ST\AI\AI\src\network.o
 .bss.__compound_literal.22
                0x20000524        0x4 Middlewares\ST\AI\AI\src\network.o
 .bss.__compound_literal.23
                0x20000528        0x4 Middlewares\ST\AI\AI\src\network.o
 .bss.__compound_literal.3
                0x2000052c        0x4 Middlewares\ST\AI\AI\src\network.o
 .bss.__compound_literal.8
                0x20000530        0x4 Middlewares\ST\AI\AI\src\network.o
 .bss.ACC_Value_Raw
                0x20000534        0xc Src\app_x-cube-ai.o
 .bss.activations
                0x20000540      0x934 Src\data_Processor.o
 .bss.data_sample_buffer
                0x20000e74      0x120 Src\data_Processor.o
 .bss.last_scores.8903
                0x20000f94       0x10 Src\data_Processor.o
 .bss.n_sample  0x20000fa4        0x4 Src\data_Processor.o
 .bss.network   0x20000fa8        0x4 Src\data_Processor.o
 .bss.out.8924  0x20000fac       0x10 Src\data_Processor.o
 .bss.report    0x20000fbc       0x7c Src\data_Processor.o
 .bss.heap_end.7010
                0x20001038        0x4 Src\syscalls.o
 .bss.__malloc_free_list
                0x2000103c        0x4 c:/program files (x86)/atollic/truestudio for stm32 9.3.0/armtools/bin/../lib/gcc/arm-atollic-eabi/6.3.1/../../../../arm-atollic-eabi/lib/armv7e-m/fpu\libc_nano.a(lib_a-nano-mallocr.o)
                0x2000103c                __malloc_free_list
 .bss.__malloc_sbrk_start
                0x20001040        0x4 c:/program files (x86)/atollic/truestudio for stm32 9.3.0/armtools/bin/../lib/gcc/arm-atollic-eabi/6.3.1/../../../../arm-atollic-eabi/lib/armv7e-m/fpu\libc_nano.a(lib_a-nano-mallocr.o)
                0x20001040                __malloc_sbrk_start
 *(COMMON)
 COMMON         0x20001044        0x4 Drivers\STM32F4xx_HAL_Driver\Src\stm32f4xx_hal.o
                0x20001044                uwTick
 COMMON         0x20001048        0xc Src\app_x-cube-ai.o
                0x20001048                x
                0x2000104a                AccelData
                0x20001050                z
                0x20001052                y
 COMMON         0x20001054       0x9c Src\main.o
                0x20001054                hi2c1
                0x200010a8                hcrc
                0x200010b0                huart2
 COMMON         0x200010f0        0x4 c:/program files (x86)/atollic/truestudio for stm32 9.3.0/armtools/bin/../lib/gcc/arm-atollic-eabi/6.3.1/../../../../arm-atollic-eabi/lib/armv7e-m/fpu\libc_nano.a(lib_a-reent.o)
                0x200010f0                errno
                0x200010f4                . = ALIGN (0x4)
                0x200010f4                _ebss = .
                0x200010f4                __bss_end__ = _ebss

._user_heap_stack
                0x200010f4     0x2400 load address 0x0800be44
                0x200010f4                . = ALIGN (0x4)
                0x200010f4                PROVIDE (end, .)
                [!provide]                PROVIDE (_end, .)
                0x200030f4                . = (. + _Min_Heap_Size)
 *fill*         0x200010f4     0x2000 
                0x200034f4                . = (. + _Min_Stack_Size)
 *fill*         0x200030f4      0x400 
                0x200034f4                . = ALIGN (0x4)

/DISCARD/
 libc.a(*)
 libm.a(*)
 libgcc.a(*)

.ARM.attributes
                0x00000000       0x34
 *(.ARM.attributes)
 .ARM.attributes
                0x00000000       0x22 c:/program files (x86)/atollic/truestudio for stm32 9.3.0/armtools/bin/../lib/gcc/arm-atollic-eabi/6.3.1/armv7e-m/fpu/crti.o
 .ARM.attributes
                0x00000022       0x34 c:/program files (x86)/atollic/truestudio for stm32 9.3.0/armtools/bin/../lib/gcc/arm-atollic-eabi/6.3.1/armv7e-m/fpu/crtbegin.o
 .ARM.attributes
                0x00000056       0x39 Drivers\CMSIS\DSP\Source\BasicMathFunctions\arm_dot_prod_f32.o
 .ARM.attributes
                0x0000008f       0x39 Drivers\STM32F4xx_HAL_Driver\Src\stm32f4xx_hal.o
 .ARM.attributes
                0x000000c8       0x39 Drivers\STM32F4xx_HAL_Driver\Src\stm32f4xx_hal_cortex.o
 .ARM.attributes
                0x00000101       0x39 Drivers\STM32F4xx_HAL_Driver\Src\stm32f4xx_hal_crc.o
 .ARM.attributes
                0x0000013a       0x39 Drivers\STM32F4xx_HAL_Driver\Src\stm32f4xx_hal_gpio.o
 .ARM.attributes
                0x00000173       0x39 Drivers\STM32F4xx_HAL_Driver\Src\stm32f4xx_hal_i2c.o
 .ARM.attributes
                0x000001ac       0x39 Drivers\STM32F4xx_HAL_Driver\Src\stm32f4xx_hal_pwr_ex.o
 .ARM.attributes
                0x000001e5       0x39 Drivers\STM32F4xx_HAL_Driver\Src\stm32f4xx_hal_rcc.o
 .ARM.attributes
                0x0000021e       0x39 Drivers\STM32F4xx_HAL_Driver\Src\stm32f4xx_hal_rcc_ex.o
 .ARM.attributes
                0x00000257       0x39 Drivers\STM32F4xx_HAL_Driver\Src\stm32f4xx_hal_uart.o
 .ARM.attributes
                0x00000290       0x39 Middlewares\ST\AI\AI\data\network_data.o
 .ARM.attributes
                0x000002c9       0x39 Middlewares\ST\AI\AI\src\network.o
 .ARM.attributes
                0x00000302       0x39 Middlewares\ST\Application\SystemPerformance\Src\aiSystemPerformance.o
 .ARM.attributes
                0x0000033b       0x39 Src\app_x-cube-ai.o
 .ARM.attributes
                0x00000374       0x39 Src\data_Processor.o
 .ARM.attributes
                0x000003ad       0x39 Src\main.o
 .ARM.attributes
                0x000003e6       0x39 Src\stm32f4xx_hal_msp.o
 .ARM.attributes
                0x0000041f       0x39 Src\stm32f4xx_it.o
 .ARM.attributes
                0x00000458       0x39 Src\syscalls.o
 .ARM.attributes
                0x00000491       0x39 Src\system_stm32f4xx.o
 .ARM.attributes
                0x000004ca       0x21 startup\startup_stm32f446xx.o
 .ARM.attributes
                0x000004eb       0x56 ../Middlewares/ST/AI/AI/lib\network_runtime.a(ai_platform_interface.o)
 .ARM.attributes
                0x00000541       0x58 ../Middlewares/ST/AI/AI/lib\network_runtime.a(core_common.o)
 .ARM.attributes
                0x00000599       0x56 ../Middlewares/ST/AI/AI/lib\network_runtime.a(layers.o)
 .ARM.attributes
                0x000005ef       0x56 ../Middlewares/ST/AI/AI/lib\network_runtime.a(layers_conv2d_generic_float.o)
 .ARM.attributes
                0x00000645       0x58 ../Middlewares/ST/AI/AI/lib\network_runtime.a(layers_nl_generic_float.o)
 .ARM.attributes
                0x0000069d       0x58 ../Middlewares/ST/AI/AI/lib\network_runtime.a(layers_pool_generic_float.o)
 .ARM.attributes
                0x000006f5       0x58 ../Middlewares/ST/AI/AI/lib\network_runtime.a(ai_math_helpers.o)
 .ARM.attributes
                0x0000074d       0x34 c:/program files (x86)/atollic/truestudio for stm32 9.3.0/armtools/bin/../lib/gcc/arm-atollic-eabi/6.3.1/../../../../arm-atollic-eabi/lib/armv7e-m/fpu\libc_nano.a(lib_a-aeabi_memcpy.o)
 .ARM.attributes
                0x00000781       0x34 c:/program files (x86)/atollic/truestudio for stm32 9.3.0/armtools/bin/../lib/gcc/arm-atollic-eabi/6.3.1/../../../../arm-atollic-eabi/lib/armv7e-m/fpu\libc_nano.a(lib_a-errno.o)
 .ARM.attributes
                0x000007b5       0x34 c:/program files (x86)/atollic/truestudio for stm32 9.3.0/armtools/bin/../lib/gcc/arm-atollic-eabi/6.3.1/../../../../arm-atollic-eabi/lib/armv7e-m/fpu\libc_nano.a(lib_a-fflush.o)
 .ARM.attributes
                0x000007e9       0x34 c:/program files (x86)/atollic/truestudio for stm32 9.3.0/armtools/bin/../lib/gcc/arm-atollic-eabi/6.3.1/../../../../arm-atollic-eabi/lib/armv7e-m/fpu\libc_nano.a(lib_a-findfp.o)
 .ARM.attributes
                0x0000081d       0x34 c:/program files (x86)/atollic/truestudio for stm32 9.3.0/armtools/bin/../lib/gcc/arm-atollic-eabi/6.3.1/../../../../arm-atollic-eabi/lib/armv7e-m/fpu\libc_nano.a(lib_a-fwalk.o)
 .ARM.attributes
                0x00000851       0x34 c:/program files (x86)/atollic/truestudio for stm32 9.3.0/armtools/bin/../lib/gcc/arm-atollic-eabi/6.3.1/../../../../arm-atollic-eabi/lib/armv7e-m/fpu\libc_nano.a(lib_a-impure.o)
 .ARM.attributes
                0x00000885       0x34 c:/program files (x86)/atollic/truestudio for stm32 9.3.0/armtools/bin/../lib/gcc/arm-atollic-eabi/6.3.1/../../../../arm-atollic-eabi/lib/armv7e-m/fpu\libc_nano.a(lib_a-init.o)
 .ARM.attributes
                0x000008b9       0x34 c:/program files (x86)/atollic/truestudio for stm32 9.3.0/armtools/bin/../lib/gcc/arm-atollic-eabi/6.3.1/../../../../arm-atollic-eabi/lib/armv7e-m/fpu\libc_nano.a(lib_a-memcmp.o)
 .ARM.attributes
                0x000008ed       0x34 c:/program files (x86)/atollic/truestudio for stm32 9.3.0/armtools/bin/../lib/gcc/arm-atollic-eabi/6.3.1/../../../../arm-atollic-eabi/lib/armv7e-m/fpu\libc_nano.a(lib_a-memcpy-stub.o)
 .ARM.attributes
                0x00000921       0x34 c:/program files (x86)/atollic/truestudio for stm32 9.3.0/armtools/bin/../lib/gcc/arm-atollic-eabi/6.3.1/../../../../arm-atollic-eabi/lib/armv7e-m/fpu\libc_nano.a(lib_a-memset.o)
 .ARM.attributes
                0x00000955       0x34 c:/program files (x86)/atollic/truestudio for stm32 9.3.0/armtools/bin/../lib/gcc/arm-atollic-eabi/6.3.1/../../../../arm-atollic-eabi/lib/armv7e-m/fpu\libc_nano.a(lib_a-nano-freer.o)
 .ARM.attributes
                0x00000989       0x34 c:/program files (x86)/atollic/truestudio for stm32 9.3.0/armtools/bin/../lib/gcc/arm-atollic-eabi/6.3.1/../../../../arm-atollic-eabi/lib/armv7e-m/fpu\libc_nano.a(lib_a-nano-mallocr.o)
 .ARM.attributes
                0x000009bd       0x34 c:/program files (x86)/atollic/truestudio for stm32 9.3.0/armtools/bin/../lib/gcc/arm-atollic-eabi/6.3.1/../../../../arm-atollic-eabi/lib/armv7e-m/fpu\libc_nano.a(lib_a-printf.o)
 .ARM.attributes
                0x000009f1       0x34 c:/program files (x86)/atollic/truestudio for stm32 9.3.0/armtools/bin/../lib/gcc/arm-atollic-eabi/6.3.1/../../../../arm-atollic-eabi/lib/armv7e-m/fpu\libc_nano.a(lib_a-puts.o)
 .ARM.attributes
                0x00000a25       0x34 c:/program files (x86)/atollic/truestudio for stm32 9.3.0/armtools/bin/../lib/gcc/arm-atollic-eabi/6.3.1/../../../../arm-atollic-eabi/lib/armv7e-m/fpu\libc_nano.a(lib_a-sbrkr.o)
 .ARM.attributes
                0x00000a59       0x34 c:/program files (x86)/atollic/truestudio for stm32 9.3.0/armtools/bin/../lib/gcc/arm-atollic-eabi/6.3.1/../../../../arm-atollic-eabi/lib/armv7e-m/fpu\libc_nano.a(lib_a-stdio.o)
 .ARM.attributes
                0x00000a8d       0x34 c:/program files (x86)/atollic/truestudio for stm32 9.3.0/armtools/bin/../lib/gcc/arm-atollic-eabi/6.3.1/../../../../arm-atollic-eabi/lib/armv7e-m/fpu\libc_nano.a(lib_a-wbuf.o)
 .ARM.attributes
                0x00000ac1       0x34 c:/program files (x86)/atollic/truestudio for stm32 9.3.0/armtools/bin/../lib/gcc/arm-atollic-eabi/6.3.1/../../../../arm-atollic-eabi/lib/armv7e-m/fpu\libc_nano.a(lib_a-writer.o)
 .ARM.attributes
                0x00000af5       0x34 c:/program files (x86)/atollic/truestudio for stm32 9.3.0/armtools/bin/../lib/gcc/arm-atollic-eabi/6.3.1/../../../../arm-atollic-eabi/lib/armv7e-m/fpu\libc_nano.a(lib_a-wsetup.o)
 .ARM.attributes
                0x00000b29       0x34 c:/program files (x86)/atollic/truestudio for stm32 9.3.0/armtools/bin/../lib/gcc/arm-atollic-eabi/6.3.1/../../../../arm-atollic-eabi/lib/armv7e-m/fpu\libc_nano.a(lib_a-closer.o)
 .ARM.attributes
                0x00000b5d       0x34 c:/program files (x86)/atollic/truestudio for stm32 9.3.0/armtools/bin/../lib/gcc/arm-atollic-eabi/6.3.1/../../../../arm-atollic-eabi/lib/armv7e-m/fpu\libc_nano.a(lib_a-lseekr.o)
 .ARM.attributes
                0x00000b91       0x34 c:/program files (x86)/atollic/truestudio for stm32 9.3.0/armtools/bin/../lib/gcc/arm-atollic-eabi/6.3.1/../../../../arm-atollic-eabi/lib/armv7e-m/fpu\libc_nano.a(lib_a-makebuf.o)
 .ARM.attributes
                0x00000bc5       0x34 c:/program files (x86)/atollic/truestudio for stm32 9.3.0/armtools/bin/../lib/gcc/arm-atollic-eabi/6.3.1/../../../../arm-atollic-eabi/lib/armv7e-m/fpu\libc_nano.a(lib_a-mlock.o)
 .ARM.attributes
                0x00000bf9       0x34 c:/program files (x86)/atollic/truestudio for stm32 9.3.0/armtools/bin/../lib/gcc/arm-atollic-eabi/6.3.1/../../../../arm-atollic-eabi/lib/armv7e-m/fpu\libc_nano.a(lib_a-nano-vfprintf.o)
 .ARM.attributes
                0x00000c2d       0x34 c:/program files (x86)/atollic/truestudio for stm32 9.3.0/armtools/bin/../lib/gcc/arm-atollic-eabi/6.3.1/../../../../arm-atollic-eabi/lib/armv7e-m/fpu\libc_nano.a(lib_a-nano-vfprintf_i.o)
 .ARM.attributes
                0x00000c61       0x34 c:/program files (x86)/atollic/truestudio for stm32 9.3.0/armtools/bin/../lib/gcc/arm-atollic-eabi/6.3.1/../../../../arm-atollic-eabi/lib/armv7e-m/fpu\libc_nano.a(lib_a-readr.o)
 .ARM.attributes
                0x00000c95       0x34 c:/program files (x86)/atollic/truestudio for stm32 9.3.0/armtools/bin/../lib/gcc/arm-atollic-eabi/6.3.1/../../../../arm-atollic-eabi/lib/armv7e-m/fpu\libc_nano.a(lib_a-reent.o)
 .ARM.attributes
                0x00000cc9       0x34 c:/program files (x86)/atollic/truestudio for stm32 9.3.0/armtools/bin/../lib/gcc/arm-atollic-eabi/6.3.1/../../../../arm-atollic-eabi/lib/armv7e-m/fpu\libc_nano.a(lib_a-fstatr.o)
 .ARM.attributes
                0x00000cfd       0x34 c:/program files (x86)/atollic/truestudio for stm32 9.3.0/armtools/bin/../lib/gcc/arm-atollic-eabi/6.3.1/../../../../arm-atollic-eabi/lib/armv7e-m/fpu\libc_nano.a(lib_a-isattyr.o)
 .ARM.attributes
                0x00000d31       0x20 c:/program files (x86)/atollic/truestudio for stm32 9.3.0/armtools/bin/../lib/gcc/arm-atollic-eabi/6.3.1/../../../../arm-atollic-eabi/lib/armv7e-m/fpu\libc_nano.a(lib_a-memchr.o)
 .ARM.attributes
                0x00000d51       0x34 c:/program files (x86)/atollic/truestudio for stm32 9.3.0/armtools/bin/../lib/gcc/arm-atollic-eabi/6.3.1/../../../../arm-atollic-eabi/lib/armv7e-m/fpu\libm.a(lib_a-sf_tanh.o)
 .ARM.attributes
                0x00000d85       0x34 c:/program files (x86)/atollic/truestudio for stm32 9.3.0/armtools/bin/../lib/gcc/arm-atollic-eabi/6.3.1/../../../../arm-atollic-eabi/lib/armv7e-m/fpu\libm.a(lib_a-wf_exp.o)
 .ARM.attributes
                0x00000db9       0x34 c:/program files (x86)/atollic/truestudio for stm32 9.3.0/armtools/bin/../lib/gcc/arm-atollic-eabi/6.3.1/../../../../arm-atollic-eabi/lib/armv7e-m/fpu\libm.a(lib_a-wf_pow.o)
 .ARM.attributes
                0x00000ded       0x34 c:/program files (x86)/atollic/truestudio for stm32 9.3.0/armtools/bin/../lib/gcc/arm-atollic-eabi/6.3.1/../../../../arm-atollic-eabi/lib/armv7e-m/fpu\libm.a(lib_a-ef_exp.o)
 .ARM.attributes
                0x00000e21       0x34 c:/program files (x86)/atollic/truestudio for stm32 9.3.0/armtools/bin/../lib/gcc/arm-atollic-eabi/6.3.1/../../../../arm-atollic-eabi/lib/armv7e-m/fpu\libm.a(lib_a-ef_pow.o)
 .ARM.attributes
                0x00000e55       0x34 c:/program files (x86)/atollic/truestudio for stm32 9.3.0/armtools/bin/../lib/gcc/arm-atollic-eabi/6.3.1/../../../../arm-atollic-eabi/lib/armv7e-m/fpu\libm.a(lib_a-ef_sqrt.o)
 .ARM.attributes
                0x00000e89       0x34 c:/program files (x86)/atollic/truestudio for stm32 9.3.0/armtools/bin/../lib/gcc/arm-atollic-eabi/6.3.1/../../../../arm-atollic-eabi/lib/armv7e-m/fpu\libm.a(lib_a-s_lib_ver.o)
 .ARM.attributes
                0x00000ebd       0x34 c:/program files (x86)/atollic/truestudio for stm32 9.3.0/armtools/bin/../lib/gcc/arm-atollic-eabi/6.3.1/../../../../arm-atollic-eabi/lib/armv7e-m/fpu\libm.a(lib_a-s_matherr.o)
 .ARM.attributes
                0x00000ef1       0x34 c:/program files (x86)/atollic/truestudio for stm32 9.3.0/armtools/bin/../lib/gcc/arm-atollic-eabi/6.3.1/../../../../arm-atollic-eabi/lib/armv7e-m/fpu\libm.a(lib_a-s_rint.o)
 .ARM.attributes
                0x00000f25       0x34 c:/program files (x86)/atollic/truestudio for stm32 9.3.0/armtools/bin/../lib/gcc/arm-atollic-eabi/6.3.1/../../../../arm-atollic-eabi/lib/armv7e-m/fpu\libm.a(lib_a-sf_expm1.o)
 .ARM.attributes
                0x00000f59       0x34 c:/program files (x86)/atollic/truestudio for stm32 9.3.0/armtools/bin/../lib/gcc/arm-atollic-eabi/6.3.1/../../../../arm-atollic-eabi/lib/armv7e-m/fpu\libm.a(lib_a-sf_fabs.o)
 .ARM.attributes
                0x00000f8d       0x34 c:/program files (x86)/atollic/truestudio for stm32 9.3.0/armtools/bin/../lib/gcc/arm-atollic-eabi/6.3.1/../../../../arm-atollic-eabi/lib/armv7e-m/fpu\libm.a(lib_a-sf_finite.o)
 .ARM.attributes
                0x00000fc1       0x34 c:/program files (x86)/atollic/truestudio for stm32 9.3.0/armtools/bin/../lib/gcc/arm-atollic-eabi/6.3.1/../../../../arm-atollic-eabi/lib/armv7e-m/fpu\libm.a(lib_a-sf_nan.o)
 .ARM.attributes
                0x00000ff5       0x34 c:/program files (x86)/atollic/truestudio for stm32 9.3.0/armtools/bin/../lib/gcc/arm-atollic-eabi/6.3.1/../../../../arm-atollic-eabi/lib/armv7e-m/fpu\libm.a(lib_a-sf_scalbn.o)
 .ARM.attributes
                0x00001029       0x34 c:/program files (x86)/atollic/truestudio for stm32 9.3.0/armtools/bin/../lib/gcc/arm-atollic-eabi/6.3.1/../../../../arm-atollic-eabi/lib/armv7e-m/fpu\libm.a(lib_a-sf_copysign.o)
 .ARM.attributes
                0x0000105d       0x22 c:/program files (x86)/atollic/truestudio for stm32 9.3.0/armtools/bin/../lib/gcc/arm-atollic-eabi/6.3.1/armv7e-m/fpu\libgcc.a(_arm_addsubdf3.o)
 .ARM.attributes
                0x0000107f       0x22 c:/program files (x86)/atollic/truestudio for stm32 9.3.0/armtools/bin/../lib/gcc/arm-atollic-eabi/6.3.1/armv7e-m/fpu\libgcc.a(_arm_muldivdf3.o)
 .ARM.attributes
                0x000010a1       0x22 c:/program files (x86)/atollic/truestudio for stm32 9.3.0/armtools/bin/../lib/gcc/arm-atollic-eabi/6.3.1/armv7e-m/fpu\libgcc.a(_arm_cmpdf2.o)
 .ARM.attributes
                0x000010c3       0x22 c:/program files (x86)/atollic/truestudio for stm32 9.3.0/armtools/bin/../lib/gcc/arm-atollic-eabi/6.3.1/armv7e-m/fpu\libgcc.a(_arm_truncdfsf2.o)
 .ARM.attributes
                0x000010e5       0x22 c:/program files (x86)/atollic/truestudio for stm32 9.3.0/armtools/bin/../lib/gcc/arm-atollic-eabi/6.3.1/armv7e-m/fpu\libgcc.a(_aeabi_uldivmod.o)
 .ARM.attributes
                0x00001107       0x34 c:/program files (x86)/atollic/truestudio for stm32 9.3.0/armtools/bin/../lib/gcc/arm-atollic-eabi/6.3.1/armv7e-m/fpu\libgcc.a(_udivmoddi4.o)
 .ARM.attributes
                0x0000113b       0x22 c:/program files (x86)/atollic/truestudio for stm32 9.3.0/armtools/bin/../lib/gcc/arm-atollic-eabi/6.3.1/armv7e-m/fpu\libgcc.a(_dvmd_tls.o)
 .ARM.attributes
                0x0000115d       0x22 c:/program files (x86)/atollic/truestudio for stm32 9.3.0/armtools/bin/../lib/gcc/arm-atollic-eabi/6.3.1/armv7e-m/fpu/crtn.o
OUTPUT(FaultRecognition1.elf elf32-littlearm)

.debug_info     0x00000000    0x14bb8
 .debug_info    0x00000000      0x962 Drivers\CMSIS\DSP\Source\BasicMathFunctions\arm_dot_prod_f32.o
 .debug_info    0x00000962      0xa41 Drivers\STM32F4xx_HAL_Driver\Src\stm32f4xx_hal.o
 .debug_info    0x000013a3      0xf57 Drivers\STM32F4xx_HAL_Driver\Src\stm32f4xx_hal_cortex.o
 .debug_info    0x000022fa      0x41e Drivers\STM32F4xx_HAL_Driver\Src\stm32f4xx_hal_crc.o
 .debug_info    0x00002718      0x7c3 Drivers\STM32F4xx_HAL_Driver\Src\stm32f4xx_hal_gpio.o
 .debug_info    0x00002edb     0x335c Drivers\STM32F4xx_HAL_Driver\Src\stm32f4xx_hal_i2c.o
 .debug_info    0x00006237      0x7c3 Drivers\STM32F4xx_HAL_Driver\Src\stm32f4xx_hal_pwr_ex.o
 .debug_info    0x000069fa      0xa97 Drivers\STM32F4xx_HAL_Driver\Src\stm32f4xx_hal_rcc.o
 .debug_info    0x00007491      0xbe8 Drivers\STM32F4xx_HAL_Driver\Src\stm32f4xx_hal_rcc_ex.o
 .debug_info    0x00008079     0x16c9 Drivers\STM32F4xx_HAL_Driver\Src\stm32f4xx_hal_uart.o
 .debug_info    0x00009742      0x103 Middlewares\ST\AI\AI\data\network_data.o
 .debug_info    0x00009845     0x1a38 Middlewares\ST\AI\AI\src\network.o
 .debug_info    0x0000b27d     0x2df7 Middlewares\ST\Application\SystemPerformance\Src\aiSystemPerformance.o
 .debug_info    0x0000e074     0x1eb9 Src\app_x-cube-ai.o
 .debug_info    0x0000ff2d     0x1791 Src\data_Processor.o
 .debug_info    0x000116be      0xf38 Src\main.o
 .debug_info    0x000125f6      0xe3a Src\stm32f4xx_hal_msp.o
 .debug_info    0x00013430      0x1b7 Src\stm32f4xx_it.o
 .debug_info    0x000135e7      0xfe1 Src\syscalls.o
 .debug_info    0x000145c8      0x53e Src\system_stm32f4xx.o
 .debug_info    0x00014b06       0xb2 startup\startup_stm32f446xx.o

.debug_abbrev   0x00000000     0x3176
 .debug_abbrev  0x00000000      0x1bf Drivers\CMSIS\DSP\Source\BasicMathFunctions\arm_dot_prod_f32.o
 .debug_abbrev  0x000001bf      0x23d Drivers\STM32F4xx_HAL_Driver\Src\stm32f4xx_hal.o
 .debug_abbrev  0x000003fc      0x314 Drivers\STM32F4xx_HAL_Driver\Src\stm32f4xx_hal_cortex.o
 .debug_abbrev  0x00000710      0x1c3 Drivers\STM32F4xx_HAL_Driver\Src\stm32f4xx_hal_crc.o
 .debug_abbrev  0x000008d3      0x1ef Drivers\STM32F4xx_HAL_Driver\Src\stm32f4xx_hal_gpio.o
 .debug_abbrev  0x00000ac2      0x399 Drivers\STM32F4xx_HAL_Driver\Src\stm32f4xx_hal_i2c.o
 .debug_abbrev  0x00000e5b      0x1be Drivers\STM32F4xx_HAL_Driver\Src\stm32f4xx_hal_pwr_ex.o
 .debug_abbrev  0x00001019      0x2cb Drivers\STM32F4xx_HAL_Driver\Src\stm32f4xx_hal_rcc.o
 .debug_abbrev  0x000012e4      0x20d Drivers\STM32F4xx_HAL_Driver\Src\stm32f4xx_hal_rcc_ex.o
 .debug_abbrev  0x000014f1      0x2fb Drivers\STM32F4xx_HAL_Driver\Src\stm32f4xx_hal_uart.o
 .debug_abbrev  0x000017ec       0x82 Middlewares\ST\AI\AI\data\network_data.o
 .debug_abbrev  0x0000186e      0x2f0 Middlewares\ST\AI\AI\src\network.o
 .debug_abbrev  0x00001b5e      0x4f3 Middlewares\ST\Application\SystemPerformance\Src\aiSystemPerformance.o
 .debug_abbrev  0x00002051      0x45c Src\app_x-cube-ai.o
 .debug_abbrev  0x000024ad      0x378 Src\data_Processor.o
 .debug_abbrev  0x00002825      0x287 Src\main.o
 .debug_abbrev  0x00002aac      0x1d7 Src\stm32f4xx_hal_msp.o
 .debug_abbrev  0x00002c83       0xfa Src\stm32f4xx_it.o
 .debug_abbrev  0x00002d7d      0x2d9 Src\syscalls.o
 .debug_abbrev  0x00003056      0x10e Src\system_stm32f4xx.o
 .debug_abbrev  0x00003164       0x12 startup\startup_stm32f446xx.o

.debug_loc      0x00000000     0x7cc0
 .debug_loc     0x00000000      0x16f Drivers\CMSIS\DSP\Source\BasicMathFunctions\arm_dot_prod_f32.o
 .debug_loc     0x0000016f      0x11b Drivers\STM32F4xx_HAL_Driver\Src\stm32f4xx_hal.o
 .debug_loc     0x0000028a      0x4fb Drivers\STM32F4xx_HAL_Driver\Src\stm32f4xx_hal_cortex.o
 .debug_loc     0x00000785      0x1d5 Drivers\STM32F4xx_HAL_Driver\Src\stm32f4xx_hal_crc.o
 .debug_loc     0x0000095a      0x378 Drivers\STM32F4xx_HAL_Driver\Src\stm32f4xx_hal_gpio.o
 .debug_loc     0x00000cd2     0x2f30 Drivers\STM32F4xx_HAL_Driver\Src\stm32f4xx_hal_i2c.o
 .debug_loc     0x00003c02      0x15d Drivers\STM32F4xx_HAL_Driver\Src\stm32f4xx_hal_pwr_ex.o
 .debug_loc     0x00003d5f      0x336 Drivers\STM32F4xx_HAL_Driver\Src\stm32f4xx_hal_rcc.o
 .debug_loc     0x00004095      0xa31 Drivers\STM32F4xx_HAL_Driver\Src\stm32f4xx_hal_rcc_ex.o
 .debug_loc     0x00004ac6     0x1335 Drivers\STM32F4xx_HAL_Driver\Src\stm32f4xx_hal_uart.o
 .debug_loc     0x00005dfb      0x3f8 Middlewares\ST\AI\AI\src\network.o
 .debug_loc     0x000061f3      0xb63 Middlewares\ST\Application\SystemPerformance\Src\aiSystemPerformance.o
 .debug_loc     0x00006d56      0x646 Src\app_x-cube-ai.o
 .debug_loc     0x0000739c      0x369 Src\data_Processor.o
 .debug_loc     0x00007705       0xb0 Src\stm32f4xx_hal_msp.o
 .debug_loc     0x000077b5      0x3ef Src\syscalls.o
 .debug_loc     0x00007ba4      0x11c Src\system_stm32f4xx.o

.debug_aranges  0x00000000      0xa50
 .debug_aranges
                0x00000000       0x20 Drivers\CMSIS\DSP\Source\BasicMathFunctions\arm_dot_prod_f32.o
 .debug_aranges
                0x00000020       0xe8 Drivers\STM32F4xx_HAL_Driver\Src\stm32f4xx_hal.o
 .debug_aranges
                0x00000108       0xa8 Drivers\STM32F4xx_HAL_Driver\Src\stm32f4xx_hal_cortex.o
 .debug_aranges
                0x000001b0       0x48 Drivers\STM32F4xx_HAL_Driver\Src\stm32f4xx_hal_crc.o
 .debug_aranges
                0x000001f8       0x58 Drivers\STM32F4xx_HAL_Driver\Src\stm32f4xx_hal_gpio.o
 .debug_aranges
                0x00000250      0x1b0 Drivers\STM32F4xx_HAL_Driver\Src\stm32f4xx_hal_i2c.o
 .debug_aranges
                0x00000400       0x60 Drivers\STM32F4xx_HAL_Driver\Src\stm32f4xx_hal_pwr_ex.o
 .debug_aranges
                0x00000460       0x88 Drivers\STM32F4xx_HAL_Driver\Src\stm32f4xx_hal_rcc.o
 .debug_aranges
                0x000004e8       0x78 Drivers\STM32F4xx_HAL_Driver\Src\stm32f4xx_hal_rcc_ex.o
 .debug_aranges
                0x00000560      0x170 Drivers\STM32F4xx_HAL_Driver\Src\stm32f4xx_hal_uart.o
 .debug_aranges
                0x000006d0       0x20 Middlewares\ST\AI\AI\data\network_data.o
 .debug_aranges
                0x000006f0       0x50 Middlewares\ST\AI\AI\src\network.o
 .debug_aranges
                0x00000740       0x60 Middlewares\ST\Application\SystemPerformance\Src\aiSystemPerformance.o
 .debug_aranges
                0x000007a0       0xa0 Src\app_x-cube-ai.o
 .debug_aranges
                0x00000840       0x40 Src\data_Processor.o
 .debug_aranges
                0x00000880       0x38 Src\main.o
 .debug_aranges
                0x000008b8       0x50 Src\stm32f4xx_hal_msp.o
 .debug_aranges
                0x00000908       0x48 Src\stm32f4xx_it.o
 .debug_aranges
                0x00000950       0xb0 Src\syscalls.o
 .debug_aranges
                0x00000a00       0x28 Src\system_stm32f4xx.o
 .debug_aranges
                0x00000a28       0x28 startup\startup_stm32f446xx.o

.debug_ranges   0x00000000     0x1090
 .debug_ranges  0x00000000       0x10 Drivers\CMSIS\DSP\Source\BasicMathFunctions\arm_dot_prod_f32.o
 .debug_ranges  0x00000010       0xd8 Drivers\STM32F4xx_HAL_Driver\Src\stm32f4xx_hal.o
 .debug_ranges  0x000000e8      0x128 Drivers\STM32F4xx_HAL_Driver\Src\stm32f4xx_hal_cortex.o
 .debug_ranges  0x00000210       0x38 Drivers\STM32F4xx_HAL_Driver\Src\stm32f4xx_hal_crc.o
 .debug_ranges  0x00000248       0x68 Drivers\STM32F4xx_HAL_Driver\Src\stm32f4xx_hal_gpio.o
 .debug_ranges  0x000002b0      0x3d0 Drivers\STM32F4xx_HAL_Driver\Src\stm32f4xx_hal_i2c.o
 .debug_ranges  0x00000680       0xb0 Drivers\STM32F4xx_HAL_Driver\Src\stm32f4xx_hal_pwr_ex.o
 .debug_ranges  0x00000730       0xb0 Drivers\STM32F4xx_HAL_Driver\Src\stm32f4xx_hal_rcc.o
 .debug_ranges  0x000007e0       0x80 Drivers\STM32F4xx_HAL_Driver\Src\stm32f4xx_hal_rcc_ex.o
 .debug_ranges  0x00000860      0x178 Drivers\STM32F4xx_HAL_Driver\Src\stm32f4xx_hal_uart.o
 .debug_ranges  0x000009d8       0x10 Middlewares\ST\AI\AI\data\network_data.o
 .debug_ranges  0x000009e8       0x88 Middlewares\ST\AI\AI\src\network.o
 .debug_ranges  0x00000a70      0x270 Middlewares\ST\Application\SystemPerformance\Src\aiSystemPerformance.o
 .debug_ranges  0x00000ce0       0xc0 Src\app_x-cube-ai.o
 .debug_ranges  0x00000da0       0xf0 Src\data_Processor.o
 .debug_ranges  0x00000e90       0x80 Src\main.o
 .debug_ranges  0x00000f10       0x70 Src\stm32f4xx_hal_msp.o
 .debug_ranges  0x00000f80       0x38 Src\stm32f4xx_it.o
 .debug_ranges  0x00000fb8       0xa0 Src\syscalls.o
 .debug_ranges  0x00001058       0x18 Src\system_stm32f4xx.o
 .debug_ranges  0x00001070       0x20 startup\startup_stm32f446xx.o

.debug_line     0x00000000     0x6d60
 .debug_line    0x00000000      0x295 Drivers\CMSIS\DSP\Source\BasicMathFunctions\arm_dot_prod_f32.o
 .debug_line    0x00000295      0x41b Drivers\STM32F4xx_HAL_Driver\Src\stm32f4xx_hal.o
 .debug_line    0x000006b0      0x456 Drivers\STM32F4xx_HAL_Driver\Src\stm32f4xx_hal_cortex.o
 .debug_line    0x00000b06      0x2b3 Drivers\STM32F4xx_HAL_Driver\Src\stm32f4xx_hal_crc.o
 .debug_line    0x00000db9      0x3d7 Drivers\STM32F4xx_HAL_Driver\Src\stm32f4xx_hal_gpio.o
 .debug_line    0x00001190     0x1bf1 Drivers\STM32F4xx_HAL_Driver\Src\stm32f4xx_hal_i2c.o
 .debug_line    0x00002d81      0x334 Drivers\STM32F4xx_HAL_Driver\Src\stm32f4xx_hal_pwr_ex.o
 .debug_line    0x000030b5      0x4f4 Drivers\STM32F4xx_HAL_Driver\Src\stm32f4xx_hal_rcc.o
 .debug_line    0x000035a9      0x6f3 Drivers\STM32F4xx_HAL_Driver\Src\stm32f4xx_hal_rcc_ex.o
 .debug_line    0x00003c9c      0xb76 Drivers\STM32F4xx_HAL_Driver\Src\stm32f4xx_hal_uart.o
 .debug_line    0x00004812      0x173 Middlewares\ST\AI\AI\data\network_data.o
 .debug_line    0x00004985      0x404 Middlewares\ST\AI\AI\src\network.o
 .debug_line    0x00004d89      0x75d Middlewares\ST\Application\SystemPerformance\Src\aiSystemPerformance.o
 .debug_line    0x000054e6      0x56d Src\app_x-cube-ai.o
 .debug_line    0x00005a53      0x4a5 Src\data_Processor.o
 .debug_line    0x00005ef8      0x33c Src\main.o
 .debug_line    0x00006234      0x2f7 Src\stm32f4xx_hal_msp.o
 .debug_line    0x0000652b      0x21d Src\stm32f4xx_it.o
 .debug_line    0x00006748      0x3bb Src\syscalls.o
 .debug_line    0x00006b03      0x1de Src\system_stm32f4xx.o
 .debug_line    0x00006ce1       0x7f startup\startup_stm32f446xx.o

.debug_str      0x00000000     0x4fd0
 .debug_str     0x00000000      0x633 Drivers\CMSIS\DSP\Source\BasicMathFunctions\arm_dot_prod_f32.o
                                0x6eb (size before relaxing)
 .debug_str     0x00000633      0xa29 Drivers\STM32F4xx_HAL_Driver\Src\stm32f4xx_hal.o
                                0xc55 (size before relaxing)
 .debug_str     0x0000105c      0x4a3 Drivers\STM32F4xx_HAL_Driver\Src\stm32f4xx_hal_cortex.o
                                0xcfb (size before relaxing)
 .debug_str     0x000014ff      0x1aa Drivers\STM32F4xx_HAL_Driver\Src\stm32f4xx_hal_crc.o
                                0x443 (size before relaxing)
 .debug_str     0x000016a9      0x1c8 Drivers\STM32F4xx_HAL_Driver\Src\stm32f4xx_hal_gpio.o
                                0x5a5 (size before relaxing)
 .debug_str     0x00001871      0xd22 Drivers\STM32F4xx_HAL_Driver\Src\stm32f4xx_hal_i2c.o
                               0x1092 (size before relaxing)
 .debug_str     0x00002593      0x164 Drivers\STM32F4xx_HAL_Driver\Src\stm32f4xx_hal_pwr_ex.o
                                0x590 (size before relaxing)
 .debug_str     0x000026f7      0x2c2 Drivers\STM32F4xx_HAL_Driver\Src\stm32f4xx_hal_rcc.o
                                0x77d (size before relaxing)
 .debug_str     0x000029b9      0x33f Drivers\STM32F4xx_HAL_Driver\Src\stm32f4xx_hal_rcc_ex.o
                                0x880 (size before relaxing)
 .debug_str     0x00002cf8      0x6cf Drivers\STM32F4xx_HAL_Driver\Src\stm32f4xx_hal_uart.o
                                0xca8 (size before relaxing)
 .debug_str     0x000033c7       0x70 Middlewares\ST\AI\AI\data\network_data.o
                                0x255 (size before relaxing)
 .debug_str     0x00003437      0xfeb Middlewares\ST\AI\AI\src\network.o
                               0x1767 (size before relaxing)
 .debug_str     0x00004422      0x528 Middlewares\ST\Application\SystemPerformance\Src\aiSystemPerformance.o
                               0x14f5 (size before relaxing)
 .debug_str     0x0000494a      0x245 Src\app_x-cube-ai.o
                               0x15bb (size before relaxing)
 .debug_str     0x00004b8f       0xbc Src\data_Processor.o
                                0xc99 (size before relaxing)
 .debug_str     0x00004c4b       0x5a Src\main.o
                                0xd14 (size before relaxing)
 .debug_str     0x00004ca5       0x1b Src\stm32f4xx_hal_msp.o
                                0xbc4 (size before relaxing)
 .debug_str     0x00004cc0       0xa6 Src\stm32f4xx_it.o
                                0x2f0 (size before relaxing)
 .debug_str     0x00004d66      0x225 Src\syscalls.o
                                0x8b4 (size before relaxing)
 .debug_str     0x00004f8b       0x45 Src\system_stm32f4xx.o
                                0x409 (size before relaxing)

.comment        0x00000000     0x2e94
 .comment       0x00000000       0x7c Drivers\CMSIS\DSP\Source\BasicMathFunctions\arm_dot_prod_f32.o
                                 0x7d (size before relaxing)
 .comment       0x0000007c       0x7d Drivers\STM32F4xx_HAL_Driver\Src\stm32f4xx_hal.o
 .comment       0x0000007c       0x7d Drivers\STM32F4xx_HAL_Driver\Src\stm32f4xx_hal_cortex.o
 .comment       0x0000007c       0x7d Drivers\STM32F4xx_HAL_Driver\Src\stm32f4xx_hal_crc.o
 .comment       0x0000007c       0x7d Drivers\STM32F4xx_HAL_Driver\Src\stm32f4xx_hal_gpio.o
 .comment       0x0000007c       0x7d Drivers\STM32F4xx_HAL_Driver\Src\stm32f4xx_hal_i2c.o
 .comment       0x0000007c       0x7d Drivers\STM32F4xx_HAL_Driver\Src\stm32f4xx_hal_pwr_ex.o
 .comment       0x0000007c       0x7d Drivers\STM32F4xx_HAL_Driver\Src\stm32f4xx_hal_rcc.o
 .comment       0x0000007c       0x7d Drivers\STM32F4xx_HAL_Driver\Src\stm32f4xx_hal_rcc_ex.o
 .comment       0x0000007c       0x7d Drivers\STM32F4xx_HAL_Driver\Src\stm32f4xx_hal_uart.o
 .comment       0x0000007c       0x7d Middlewares\ST\AI\AI\data\network_data.o
 .comment       0x0000007c       0x7d Middlewares\ST\AI\AI\src\network.o
 .comment       0x0000007c       0x7d Middlewares\ST\Application\SystemPerformance\Src\aiSystemPerformance.o
 .comment       0x0000007c       0x7d Src\app_x-cube-ai.o