../Core/Src/main.c:74:6:AccelWrite	32	static
../Core/Src/main.c:83:6:AccelReadValues	32	static
../Core/Src/main.c:89:6:AccelReadAddress	32	static
../Core/Src/main.c:96:6:AccelInit	8	static
../Core/Src/main.c:107:6:HAL_UART_RxCpltCallback	16	static
../Core/Src/main.c:144:6:IncrementTimer	4	static
../Core/Src/main.c:157:5:main	8	static
../Core/Src/main.c:242:6:SystemClock_Config	96	static
../Core/Src/main.c:292:13:MX_I2C1_Init	8	static
../Core/Src/main.c:340:13:MX_USART2_UART_Init	8	static
../Core/Src/main.c:375:13:MX_GPIO_Init	48	static
../Core/Src/main.c:411:6:Error_Handler	4	static,ignoring_inline_asm
