Archive member included to satisfy reference by file (symbol)

c:/program files (x86)/atollic/truestudio for stm32 9.3.0/armtools/bin/../lib/gcc/arm-atollic-eabi/6.3.1/../../../../arm-atollic-eabi/lib/armv7e-m/fpu\libc_nano.a(lib_a-errno.o)
                              Src\syscalls.o (__errno)
c:/program files (x86)/atollic/truestudio for stm32 9.3.0/armtools/bin/../lib/gcc/arm-atollic-eabi/6.3.1/../../../../arm-atollic-eabi/lib/armv7e-m/fpu\libc_nano.a(lib_a-impure.o)
                              c:/program files (x86)/atollic/truestudio for stm32 9.3.0/armtools/bin/../lib/gcc/arm-atollic-eabi/6.3.1/../../../../arm-atollic-eabi/lib/armv7e-m/fpu\libc_nano.a(lib_a-errno.o) (_impure_ptr)
c:/program files (x86)/atollic/truestudio for stm32 9.3.0/armtools/bin/../lib/gcc/arm-atollic-eabi/6.3.1/../../../../arm-atollic-eabi/lib/armv7e-m/fpu\libc_nano.a(lib_a-init.o)
                              startup\startup_stm32f446xx.o (__libc_init_array)
c:/program files (x86)/atollic/truestudio for stm32 9.3.0/armtools/bin/../lib/gcc/arm-atollic-eabi/6.3.1/../../../../arm-atollic-eabi/lib/armv7e-m/fpu\libc_nano.a(lib_a-memset.o)
                              Src\main.o (memset)
c:/program files (x86)/atollic/truestudio for stm32 9.3.0/armtools/bin/../lib/gcc/arm-atollic-eabi/6.3.1/armv7e-m/fpu\libgcc.a(_aeabi_uldivmod.o)
                              Drivers\STM32F4xx_HAL_Driver\Src\stm32f4xx_hal_rcc.o (__aeabi_uldivmod)
c:/program files (x86)/atollic/truestudio for stm32 9.3.0/armtools/bin/../lib/gcc/arm-atollic-eabi/6.3.1/armv7e-m/fpu\libgcc.a(_udivmoddi4.o)
                              c:/program files (x86)/atollic/truestudio for stm32 9.3.0/armtools/bin/../lib/gcc/arm-atollic-eabi/6.3.1/armv7e-m/fpu\libgcc.a(_aeabi_uldivmod.o) (__udivmoddi4)
c:/program files (x86)/atollic/truestudio for stm32 9.3.0/armtools/bin/../lib/gcc/arm-atollic-eabi/6.3.1/armv7e-m/fpu\libgcc.a(_dvmd_tls.o)
                              c:/program files (x86)/atollic/truestudio for stm32 9.3.0/armtools/bin/../lib/gcc/arm-atollic-eabi/6.3.1/armv7e-m/fpu\libgcc.a(_aeabi_uldivmod.o) (__aeabi_ldiv0)

Allocating common symbols
Common symbol       size              file

hi2c1               0x54              Src\main.o
TimeStamp           0x4               Src\main.o
AccelData           0x6               Src\main.o
uwTick              0x4               Drivers\STM32F4xx_HAL_Driver\Src\stm32f4xx_hal.o
pFlash              0x20              Drivers\STM32F4xx_HAL_Driver\Src\stm32f4xx_hal_flash.o
huart2              0x40              Src\main.o
Rx_buffer           0x4               Src\main.o

Discarded input sections

 .text          0x00000000        0x0 c:/program files (x86)/atollic/truestudio for stm32 9.3.0/armtools/bin/../lib/gcc/arm-atollic-eabi/6.3.1/armv7e-m/fpu/crti.o
 .data          0x00000000        0x0 c:/program files (x86)/atollic/truestudio for stm32 9.3.0/armtools/bin/../lib/gcc/arm-atollic-eabi/6.3.1/armv7e-m/fpu/crti.o
 .bss           0x00000000        0x0 c:/program files (x86)/atollic/truestudio for stm32 9.3.0/armtools/bin/../lib/gcc/arm-atollic-eabi/6.3.1/armv7e-m/fpu/crti.o
 .data          0x00000000        0x4 c:/program files (x86)/atollic/truestudio for stm32 9.3.0/armtools/bin/../lib/gcc/arm-atollic-eabi/6.3.1/armv7e-m/fpu/crtbegin.o
 .group         0x00000000        0x8 Drivers\STM32F4xx_HAL_Driver\Src\stm32f4xx_hal.o
 .group         0x00000000        0x8 Drivers\STM32F4xx_HAL_Driver\Src\stm32f4xx_hal.o
 .group         0x00000000        0x8 Drivers\STM32F4xx_HAL_Driver\Src\stm32f4xx_hal.o
 .group         0x00000000        0x8 Drivers\STM32F4xx_HAL_Driver\Src\stm32f4xx_hal.o
 .group         0x00000000        0x8 Drivers\STM32F4xx_HAL_Driver\Src\stm32f4xx_hal.o
 .group         0x00000000        0x8 Drivers\STM32F4xx_HAL_Driver\Src\stm32f4xx_hal.o
 .group         0x00000000        0x8 Drivers\STM32F4xx_HAL_Driver\Src\stm32f4xx_hal.o
 .group         0x00000000        0x8 Drivers\STM32F4xx_HAL_Driver\Src\stm32f4xx_hal.o
 .group         0x00000000        0x8 Drivers\STM32F4xx_HAL_Driver\Src\stm32f4xx_hal.o
 .group         0x00000000        0x8 Drivers\STM32F4xx_HAL_Driver\Src\stm32f4xx_hal.o
 .group         0x00000000        0x8 Drivers\STM32F4xx_HAL_Driver\Src\stm32f4xx_hal.o
 .group         0x00000000        0x8 Drivers\STM32F4xx_HAL_Driver\Src\stm32f4xx_hal.o
 .group         0x00000000        0x8 Drivers\STM32F4xx_HAL_Driver\Src\stm32f4xx_hal.o
 .group         0x00000000        0x8 Drivers\STM32F4xx_HAL_Driver\Src\stm32f4xx_hal.o
 .group         0x00000000        0x8 Drivers\STM32F4xx_HAL_Driver\Src\stm32f4xx_hal.o
 .group         0x00000000        0x8 Drivers\STM32F4xx_HAL_Driver\Src\stm32f4xx_hal.o
 .group         0x00000000        0x8 Drivers\STM32F4xx_HAL_Driver\Src\stm32f4xx_hal.o
 .group         0x00000000        0x8 Drivers\STM32F4xx_HAL_Driver\Src\stm32f4xx_hal.o
 .group         0x00000000        0x8 Drivers\STM32F4xx_HAL_Driver\Src\stm32f4xx_hal.o
[...]
Memory Configuration

Name             Origin             Length             Attributes
RAM              0x20000000         0x00020000         xrw
FLASH            0x08000000         0x00080000         xr
*default*        0x00000000         0xffffffff

Linker script and memory map

LOAD c:/program files (x86)/atollic/truestudio for stm32 9.3.0/armtools/bin/../lib/gcc/arm-atollic-eabi/6.3.1/armv7e-m/fpu/crti.o
LOAD c:/program files (x86)/atollic/truestudio for stm32 9.3.0/armtools/bin/../lib/gcc/arm-atollic-eabi/6.3.1/armv7e-m/fpu/crtbegin.o
LOAD Drivers\STM32F4xx_HAL_Driver\Src\stm32f4xx_hal.o
LOAD Drivers\STM32F4xx_HAL_Driver\Src\stm32f4xx_hal_cortex.o
LOAD Drivers\STM32F4xx_HAL_Driver\Src\stm32f4xx_hal_dma.o
LOAD Drivers\STM32F4xx_HAL_Driver\Src\stm32f4xx_hal_dma_ex.o
LOAD Drivers\STM32F4xx_HAL_Driver\Src\stm32f4xx_hal_exti.o
LOAD Drivers\STM32F4xx_HAL_Driver\Src\stm32f4xx_hal_flash.o
LOAD Drivers\STM32F4xx_HAL_Driver\Src\stm32f4xx_hal_flash_ex.o
LOAD Drivers\STM32F4xx_HAL_Driver\Src\stm32f4xx_hal_flash_ramfunc.o
LOAD Drivers\STM32F4xx_HAL_Driver\Src\stm32f4xx_hal_gpio.o
LOAD Drivers\STM32F4xx_HAL_Driver\Src\stm32f4xx_hal_i2c.o
LOAD Drivers\STM32F4xx_HAL_Driver\Src\stm32f4xx_hal_i2c_ex.o
LOAD Drivers\STM32F4xx_HAL_Driver\Src\stm32f4xx_hal_pwr.o
LOAD Drivers\STM32F4xx_HAL_Driver\Src\stm32f4xx_hal_pwr_ex.o
LOAD Drivers\STM32F4xx_HAL_Driver\Src\stm32f4xx_hal_rcc.o
LOAD Drivers\STM32F4xx_HAL_Driver\Src\stm32f4xx_hal_rcc_ex.o
LOAD Drivers\STM32F4xx_HAL_Driver\Src\stm32f4xx_hal_tim.o
LOAD Drivers\STM32F4xx_HAL_Driver\Src\stm32f4xx_hal_tim_ex.o
LOAD Drivers\STM32F4xx_HAL_Driver\Src\stm32f4xx_hal_uart.o
LOAD Src\main.o
LOAD Src\stm32f4xx_hal_msp.o
LOAD Src\stm32f4xx_it.o
LOAD Src\syscalls.o
LOAD Src\system_stm32f4xx.o
LOAD startup\startup_stm32f446xx.o
                0x00000080                malloc_getpagesize_P = 0x80
START GROUP
LOAD c:/program files (x86)/atollic/truestudio for stm32 9.3.0/armtools/bin/../lib/gcc/arm-atollic-eabi/6.3.1/../../../../arm-atollic-eabi/lib/armv7e-m/fpu\libc_nano.a
LOAD c:/program files (x86)/atollic/truestudio for stm32 9.3.0/armtools/bin/../lib/gcc/arm-atollic-eabi/6.3.1/../../../../arm-atollic-eabi/lib/armv7e-m/fpu\libm.a
END GROUP
START GROUP
LOAD c:/program files (x86)/atollic/truestudio for stm32 9.3.0/armtools/bin/../lib/gcc/arm-atollic-eabi/6.3.1/armv7e-m/fpu\libgcc.a
LOAD c:/program files (x86)/atollic/truestudio for stm32 9.3.0/armtools/bin/../lib/gcc/arm-atollic-eabi/6.3.1/../../../../arm-atollic-eabi/lib/armv7e-m/fpu\libc_nano.a
END GROUP
START GROUP
LOAD c:/program files (x86)/atollic/truestudio for stm32 9.3.0/armtools/bin/../lib/gcc/arm-atollic-eabi/6.3.1/armv7e-m/fpu\libgcc.a
LOAD c:/program files (x86)/atollic/truestudio for stm32 9.3.0/armtools/bin/../lib/gcc/arm-atollic-eabi/6.3.1/../../../../arm-atollic-eabi/lib/armv7e-m/fpu\libc_nano.a
LOAD c:/program files (x86)/atollic/truestudio for stm32 9.3.0/armtools/bin/../lib/gcc/arm-atollic-eabi/6.3.1/../../../../arm-atollic-eabi/lib/armv7e-m/fpu\libnosys.a
END GROUP
START GROUP
LOAD c:/program files (x86)/atollic/truestudio for stm32 9.3.0/armtools/bin/../lib/gcc/arm-atollic-eabi/6.3.1/armv7e-m/fpu\libgcc.a
LOAD c:/program files (x86)/atollic/truestudio for stm32 9.3.0/armtools/bin/../lib/gcc/arm-atollic-eabi/6.3.1/../../../../arm-atollic-eabi/lib/armv7e-m/fpu\libc_nano.a
LOAD c:/program files (x86)/atollic/truestudio for stm32 9.3.0/armtools/bin/../lib/gcc/arm-atollic-eabi/6.3.1/../../../../arm-atollic-eabi/lib/armv7e-m/fpu\libnosys.a
END GROUP
LOAD c:/program files (x86)/atollic/truestudio for stm32 9.3.0/armtools/bin/../lib/gcc/arm-atollic-eabi/6.3.1/armv7e-m/fpu/crtend.o
LOAD c:/program files (x86)/atollic/truestudio for stm32 9.3.0/armtools/bin/../lib/gcc/arm-atollic-eabi/6.3.1/armv7e-m/fpu/crtn.o
                0x20020000                _estack = 0x20020000
                0x00000200                _Min_Heap_Size = 0x200
                0x00000400                _Min_Stack_Size = 0x400

.isr_vector     0x08000000      0x1c4
                0x08000000                . = ALIGN (0x4)
 *(.isr_vector)
 .isr_vector    0x08000000      0x1c4 startup\startup_stm32f446xx.o
                0x08000000                g_pfnVectors
                0x080001c4                . = ALIGN (0x4)

.text           0x080001c4     0x25cc
                0x080001c4                . = ALIGN (0x4)
 *(.text)
 .text          0x080001c4       0x40 c:/program files (x86)/atollic/truestudio for stm32 9.3.0/armtools/bin/../lib/gcc/arm-atollic-eabi/6.3.1/armv7e-m/fpu/crtbegin.o
 .text          0x08000204       0x30 c:/program files (x86)/atollic/truestudio for stm32 9.3.0/armtools/bin/../lib/gcc/arm-atollic-eabi/6.3.1/armv7e-m/fpu\libgcc.a(_aeabi_uldivmod.o)
                0x08000204                __aeabi_uldivmod
 .text          0x08000234      0x2dc c:/program files (x86)/atollic/truestudio for stm32 9.3.0/armtools/bin/../lib/gcc/arm-atollic-eabi/6.3.1/armv7e-m/fpu\libgcc.a(_udivmoddi4.o)
                0x08000234                __udivmoddi4
 .text          0x08000510        0x4 c:/program files (x86)/atollic/truestudio for stm32 9.3.0/armtools/bin/../lib/gcc/arm-atollic-eabi/6.3.1/armv7e-m/fpu\libgcc.a(_dvmd_tls.o)
                0x08000510                __aeabi_idiv0
                0x08000510                __aeabi_ldiv0
 *(.text*)
 .text.HAL_InitTick
                0x08000514       0x48 Drivers\STM32F4xx_HAL_Driver\Src\stm32f4xx_hal.o
                0x08000514                HAL_InitTick
 .text.HAL_Init
                0x0800055c       0x34 Drivers\STM32F4xx_HAL_Driver\Src\stm32f4xx_hal.o
                0x0800055c                HAL_Init
 .text.HAL_IncTick
                0x08000590       0x1c Drivers\STM32F4xx_HAL_Driver\Src\stm32f4xx_hal.o
                0x08000590                HAL_IncTick
 .text.HAL_GetTick
                0x080005ac        0xc Drivers\STM32F4xx_HAL_Driver\Src\stm32f4xx_hal.o
                0x080005ac                HAL_GetTick
 .text.HAL_Delay
                0x080005b8       0x28 Drivers\STM32F4xx_HAL_Driver\Src\stm32f4xx_hal.o
                0x080005b8                HAL_Delay
 .text.HAL_NVIC_SetPriorityGrouping
                0x080005e0       0x24 Drivers\STM32F4xx_HAL_Driver\Src\stm32f4xx_hal_cortex.o
                0x080005e0                HAL_NVIC_SetPriorityGrouping
 .text.HAL_NVIC_SetPriority
                0x08000604       0x64 Drivers\STM32F4xx_HAL_Driver\Src\stm32f4xx_hal_cortex.o
                0x08000604                HAL_NVIC_SetPriority
 .text.HAL_NVIC_EnableIRQ
                0x08000668       0x1c Drivers\STM32F4xx_HAL_Driver\Src\stm32f4xx_hal_cortex.o
                0x08000668                HAL_NVIC_EnableIRQ
 .text.HAL_SYSTICK_Config
                0x08000684       0x2c Drivers\STM32F4xx_HAL_Driver\Src\stm32f4xx_hal_cortex.o
                0x08000684                HAL_SYSTICK_Config
 .text.HAL_DMA_Abort_IT
                0x080006b0       0x26 Drivers\STM32F4xx_HAL_Driver\Src\stm32f4xx_hal_dma.o
                0x080006b0                HAL_DMA_Abort_IT
 *fill*         0x080006d6        0x2 
 .text.HAL_GPIO_Init
                0x080006d8      0x1c4 Drivers\STM32F4xx_HAL_Driver\Src\stm32f4xx_hal_gpio.o
                0x080006d8                HAL_GPIO_Init
 .text.I2C_IsAcknowledgeFailed
                0x0800089c       0x32 Drivers\STM32F4xx_HAL_Driver\Src\stm32f4xx_hal_i2c.o
 .text.I2C_WaitOnFlagUntilTimeout
                0x080008ce       0x70 Drivers\STM32F4xx_HAL_Driver\Src\stm32f4xx_hal_i2c.o
 .text.I2C_WaitOnMasterAddressFlagUntilTimeout
                0x0800093e       0xa4 Drivers\STM32F4xx_HAL_Driver\Src\stm32f4xx_hal_i2c.o
 *fill*         0x080009e2        0x2 
 .text.I2C_MasterRequestWrite
                0x080009e4       0xa8 Drivers\STM32F4xx_HAL_Driver\Src\stm32f4xx_hal_i2c.o
 .text.I2C_WaitOnTXEFlagUntilTimeout
                0x08000a8c       0x54 Drivers\STM32F4xx_HAL_Driver\Src\stm32f4xx_hal_i2c.o
 .text.I2C_RequestMemoryRead
                0x08000ae0      0x134 Drivers\STM32F4xx_HAL_Driver\Src\stm32f4xx_hal_i2c.o
 .text.I2C_WaitOnBTFFlagUntilTimeout
                0x08000c14       0x54 Drivers\STM32F4xx_HAL_Driver\Src\stm32f4xx_hal_i2c.o
 .text.I2C_WaitOnRXNEFlagUntilTimeout
                0x08000c68       0x6a Drivers\STM32F4xx_HAL_Driver\Src\stm32f4xx_hal_i2c.o
 *fill*         0x08000cd2        0x2 
 .text.HAL_I2C_Init
                0x08000cd4      0x1a0 Drivers\STM32F4xx_HAL_Driver\Src\stm32f4xx_hal_i2c.o
                0x08000cd4                HAL_I2C_Init
 .text.HAL_I2C_Master_Transmit
                0x08000e74      0x174 Drivers\STM32F4xx_HAL_Driver\Src\stm32f4xx_hal_i2c.o
                0x08000e74                HAL_I2C_Master_Transmit
 .text.HAL_I2C_Mem_Read
                0x08000fe8      0x2dc Drivers\STM32F4xx_HAL_Driver\Src\stm32f4xx_hal_i2c.o
                0x08000fe8                HAL_I2C_Mem_Read
 .text.HAL_PWREx_EnableOverDrive
                0x080012c4       0x80 Drivers\STM32F4xx_HAL_Driver\Src\stm32f4xx_hal_pwr_ex.o
                0x080012c4                HAL_PWREx_EnableOverDrive
 .text.HAL_RCC_ClockConfig
                0x08001344      0x158 Drivers\STM32F4xx_HAL_Driver\Src\stm32f4xx_hal_rcc.o
                0x08001344                HAL_RCC_ClockConfig
 .text.HAL_RCC_GetHCLKFreq
                0x0800149c        0xc Drivers\STM32F4xx_HAL_Driver\Src\stm32f4xx_hal_rcc.o
                0x0800149c                HAL_RCC_GetHCLKFreq
 .text.HAL_RCC_GetPCLK1Freq
                0x080014a8       0x20 Drivers\STM32F4xx_HAL_Driver\Src\stm32f4xx_hal_rcc.o
                0x080014a8                HAL_RCC_GetPCLK1Freq
 .text.HAL_RCC_GetPCLK2Freq
                0x080014c8       0x20 Drivers\STM32F4xx_HAL_Driver\Src\stm32f4xx_hal_rcc.o
                0x080014c8                HAL_RCC_GetPCLK2Freq
 .text.HAL_RCC_GetSysClockFreq
                0x080014e8      0x180 Drivers\STM32F4xx_HAL_Driver\Src\stm32f4xx_hal_rcc_ex.o
                0x080014e8                HAL_RCC_GetSysClockFreq
 .text.HAL_RCC_OscConfig
                0x08001668      0x3c4 Drivers\STM32F4xx_HAL_Driver\Src\stm32f4xx_hal_rcc_ex.o
                0x08001668                HAL_RCC_OscConfig
 .text.UART_EndRxTransfer
                0x08001a2c       0x1c Drivers\STM32F4xx_HAL_Driver\Src\stm32f4xx_hal_uart.o
 .text.UART_Transmit_IT
                0x08001a48       0x6a Drivers\STM32F4xx_HAL_Driver\Src\stm32f4xx_hal_uart.o
 *fill*         0x08001ab2        0x2 
 .text.UART_SetConfig
                0x08001ab4      0x344 Drivers\STM32F4xx_HAL_Driver\Src\stm32f4xx_hal_uart.o
 .text.UART_WaitOnFlagUntilTimeout
                0x08001df8       0x64 Drivers\STM32F4xx_HAL_Driver\Src\stm32f4xx_hal_uart.o
 .text.HAL_UART_Init
                0x08001e5c       0x5e Drivers\STM32F4xx_HAL_Driver\Src\stm32f4xx_hal_uart.o
                0x08001e5c                HAL_UART_Init
 .text.HAL_UART_Transmit
                0x08001eba       0xe2 Drivers\STM32F4xx_HAL_Driver\Src\stm32f4xx_hal_uart.o
                0x08001eba                HAL_UART_Transmit
 .text.HAL_UART_Receive_IT
                0x08001f9c       0x5c Drivers\STM32F4xx_HAL_Driver\Src\stm32f4xx_hal_uart.o
                0x08001f9c                HAL_UART_Receive_IT
 .text.HAL_UART_TxCpltCallback
                0x08001ff8        0x2 Drivers\STM32F4xx_HAL_Driver\Src\stm32f4xx_hal_uart.o
                0x08001ff8                HAL_UART_TxCpltCallback
 .text.UART_EndTransmit_IT
                0x08001ffa       0x1a Drivers\STM32F4xx_HAL_Driver\Src\stm32f4xx_hal_uart.o
 .text.UART_Receive_IT
                0x08002014       0x9e Drivers\STM32F4xx_HAL_Driver\Src\stm32f4xx_hal_uart.o
 .text.HAL_UART_ErrorCallback
                0x080020b2        0x2 Drivers\STM32F4xx_HAL_Driver\Src\stm32f4xx_hal_uart.o
                0x080020b2                HAL_UART_ErrorCallback
 .text.HAL_UART_IRQHandler
                0x080020b4      0x120 Drivers\STM32F4xx_HAL_Driver\Src\stm32f4xx_hal_uart.o
                0x080020b4                HAL_UART_IRQHandler
 .text.UART_DMAAbortOnError
                0x080021d4       0x10 Drivers\STM32F4xx_HAL_Driver\Src\stm32f4xx_hal_uart.o
 .text.MX_GPIO_Init
                0x080021e4       0x4c Src\main.o
 .text.MX_I2C1_Init
                0x08002230       0x34 Src\main.o
 .text.MX_USART2_UART_Init
                0x08002264       0x2c Src\main.o
 .text.AccelWrite
                0x08002290       0x28 Src\main.o
                0x08002290                AccelWrite
 .text.AccelReadValues
                0x080022b8       0x28 Src\main.o
                0x080022b8                AccelReadValues
 .text.AccelInit
                0x080022e0       0x24 Src\main.o
                0x080022e0                AccelInit
 .text.HAL_UART_RxCpltCallback
                0x08002304       0x88 Src\main.o
                0x08002304                HAL_UART_RxCpltCallback
 .text.IncrementTimer
                0x0800238c       0x1c Src\main.o
                0x0800238c                IncrementTimer
 .text.SystemClock_Config
                0x080023a8       0x9c Src\main.o
                0x080023a8                SystemClock_Config
 .text.main     0x08002444       0xe0 Src\main.o
                0x08002444                main
 .text.HAL_MspInit
                0x08002524       0x40 Src\stm32f4xx_hal_msp.o
                0x08002524                HAL_MspInit
 .text.HAL_I2C_MspInit
                0x08002564       0x74 Src\stm32f4xx_hal_msp.o
                0x08002564                HAL_I2C_MspInit
 .text.HAL_UART_MspInit
                0x080025d8       0x80 Src\stm32f4xx_hal_msp.o
                0x080025d8                HAL_UART_MspInit
 .text.NMI_Handler
                0x08002658        0x2 Src\stm32f4xx_it.o
                0x08002658                NMI_Handler
 .text.HardFault_Handler
                0x0800265a        0x2 Src\stm32f4xx_it.o
                0x0800265a                HardFault_Handler
 .text.MemManage_Handler
                0x0800265c        0x2 Src\stm32f4xx_it.o
                0x0800265c                MemManage_Handler
 .text.BusFault_Handler
                0x0800265e        0x2 Src\stm32f4xx_it.o
                0x0800265e                BusFault_Handler
 .text.UsageFault_Handler
                0x08002660        0x2 Src\stm32f4xx_it.o
                0x08002660                UsageFault_Handler
 .text.SVC_Handler
                0x08002662        0x2 Src\stm32f4xx_it.o
                0x08002662                SVC_Handler
 .text.DebugMon_Handler
                0x08002664        0x2 Src\stm32f4xx_it.o
                0x08002664                DebugMon_Handler
 .text.PendSV_Handler
                0x08002666        0x2 Src\stm32f4xx_it.o
                0x08002666                PendSV_Handler
 .text.SysTick_Handler
                0x08002668        0x8 Src\stm32f4xx_it.o
                0x08002668                SysTick_Handler
 .text.USART2_IRQHandler
                0x08002670       0x10 Src\stm32f4xx_it.o
                0x08002670                USART2_IRQHandler
 .text.SystemInit
                0x08002680       0x4c Src\system_stm32f4xx.o
                0x08002680                SystemInit
 .text.Reset_Handler
                0x080026cc       0x50 startup\startup_stm32f446xx.o
                0x080026cc                Reset_Handler
 .text.Default_Handler
                0x0800271c        0x2 startup\startup_stm32f446xx.o
                0x0800271c                RTC_Alarm_IRQHandler
                0x0800271c                EXTI2_IRQHandler
                0x0800271c                TIM8_CC_IRQHandler
                0x0800271c                FMPI2C1_EV_IRQHandler
                0x0800271c                SPI4_IRQHandler
                0x0800271c                TIM1_CC_IRQHandler
                0x0800271c                DMA2_Stream5_IRQHandler
                0x0800271c                DMA1_Stream5_IRQHandler
                0x0800271c                PVD_IRQHandler
                0x0800271c                SDIO_IRQHandler
                0x0800271c                TAMP_STAMP_IRQHandler
                0x0800271c                CAN2_RX1_IRQHandler
                0x0800271c                EXTI3_IRQHandler
                0x0800271c                TIM8_TRG_COM_TIM14_IRQHandler
                0x0800271c                TIM1_UP_TIM10_IRQHandler
                0x0800271c                TIM8_UP_TIM13_IRQHandler
                0x0800271c                I2C3_ER_IRQHandler
                0x0800271c                EXTI0_IRQHandler
                0x0800271c                I2C2_EV_IRQHandler
                0x0800271c                DMA1_Stream2_IRQHandler
                0x0800271c                CAN1_RX0_IRQHandler
                0x0800271c                FPU_IRQHandler
                0x0800271c                OTG_HS_WKUP_IRQHandler
                0x0800271c                CAN2_SCE_IRQHandler
                0x0800271c                DMA2_Stream2_IRQHandler
                0x0800271c                SPI1_IRQHandler
                0x0800271c                TIM6_DAC_IRQHandler
                0x0800271c                TIM1_BRK_TIM9_IRQHandler
                0x0800271c                DCMI_IRQHandler
                0x0800271c                CAN2_RX0_IRQHandler
                0x0800271c                DMA2_Stream3_IRQHandler
                0x0800271c                SAI2_IRQHandler
                0x0800271c                USART6_IRQHandler
                0x0800271c                USART3_IRQHandler
                0x0800271c                CAN1_RX1_IRQHandler
                0x0800271c                UART5_IRQHandler
                0x0800271c                DMA2_Stream0_IRQHandler
                0x0800271c                TIM4_IRQHandler
                0x0800271c                QUADSPI_IRQHandler
                0x0800271c                I2C1_EV_IRQHandler
                0x0800271c                DMA1_Stream6_IRQHandler
                0x0800271c                DMA1_Stream1_IRQHandler
                0x0800271c                UART4_IRQHandler
                0x0800271c                TIM3_IRQHandler
                0x0800271c                RCC_IRQHandler
                0x0800271c                TIM8_BRK_TIM12_IRQHandler
                0x0800271c                Default_Handler
                0x0800271c                CEC_IRQHandler
                0x0800271c                EXTI15_10_IRQHandler
                0x0800271c                ADC_IRQHandler
                0x0800271c                DMA1_Stream7_IRQHandler
                0x0800271c                TIM7_IRQHandler
                0x0800271c                CAN2_TX_IRQHandler
                0x0800271c                TIM5_IRQHandler
                0x0800271c                DMA2_Stream7_IRQHandler
                0x0800271c                I2C3_EV_IRQHandler
                0x0800271c                EXTI9_5_IRQHandler
                0x0800271c                RTC_WKUP_IRQHandler
                0x0800271c                SPDIF_RX_IRQHandler
                0x0800271c                SPI2_IRQHandler
                0x0800271c                OTG_HS_EP1_IN_IRQHandler
                0x0800271c                DMA1_Stream0_IRQHandler
                0x0800271c                CAN1_TX_IRQHandler
                0x0800271c                FMPI2C1_ER_IRQHandler
                0x0800271c                EXTI4_IRQHandler
                0x0800271c                OTG_HS_EP1_OUT_IRQHandler
                0x0800271c                WWDG_IRQHandler
                0x0800271c                TIM2_IRQHandler
                0x0800271c                OTG_FS_WKUP_IRQHandler
                0x0800271c                TIM1_TRG_COM_TIM11_IRQHandler
                0x0800271c                OTG_HS_IRQHandler
                0x0800271c                EXTI1_IRQHandler
                0x0800271c                I2C2_ER_IRQHandler
                0x0800271c                DMA2_Stream1_IRQHandler
                0x0800271c                CAN1_SCE_IRQHandler
                0x0800271c                FLASH_IRQHandler
                0x0800271c                DMA2_Stream4_IRQHandler
                0x0800271c                USART1_IRQHandler
                0x0800271c                OTG_FS_IRQHandler
                0x0800271c                SPI3_IRQHandler
                0x0800271c                DMA1_Stream4_IRQHandler
                0x0800271c                I2C1_ER_IRQHandler
                0x0800271c                FMC_IRQHandler
                0x0800271c                DMA2_Stream6_IRQHandler
                0x0800271c                SAI1_IRQHandler
                0x0800271c                DMA1_Stream3_IRQHandler
 *fill*         0x0800271e        0x2 
 .text.__libc_init_array
                0x08002720       0x48 c:/program files (x86)/atollic/truestudio for stm32 9.3.0/armtools/bin/../lib/gcc/arm-atollic-eabi/6.3.1/../../../../arm-atollic-eabi/lib/armv7e-m/fpu\libc_nano.a(lib_a-init.o)
                0x08002720                __libc_init_array
 .text.memset   0x08002768       0x10 c:/program files (x86)/atollic/truestudio for stm32 9.3.0/armtools/bin/../lib/gcc/arm-atollic-eabi/6.3.1/../../../../arm-atollic-eabi/lib/armv7e-m/fpu\libc_nano.a(lib_a-memset.o)
                0x08002768                memset
 *(.glue_7)
 .glue_7        0x08002778        0x0 linker stubs
 *(.glue_7t)
 .glue_7t       0x08002778        0x0 linker stubs
 *(.eh_frame)
 .eh_frame      0x08002778        0x0 c:/program files (x86)/atollic/truestudio for stm32 9.3.0/armtools/bin/../lib/gcc/arm-atollic-eabi/6.3.1/armv7e-m/fpu/crtbegin.o
 *(.init)
 .init          0x08002778        0x4 c:/program files (x86)/atollic/truestudio for stm32 9.3.0/armtools/bin/../lib/gcc/arm-atollic-eabi/6.3.1/armv7e-m/fpu/crti.o
                0x08002778                _init
 .init          0x0800277c        0x8 c:/program files (x86)/atollic/truestudio for stm32 9.3.0/armtools/bin/../lib/gcc/arm-atollic-eabi/6.3.1/armv7e-m/fpu/crtn.o
 *(.fini)
 .fini          0x08002784        0x4 c:/program files (x86)/atollic/truestudio for stm32 9.3.0/armtools/bin/../lib/gcc/arm-atollic-eabi/6.3.1/armv7e-m/fpu/crti.o
                0x08002784                _fini
 .fini          0x08002788        0x8 c:/program files (x86)/atollic/truestudio for stm32 9.3.0/armtools/bin/../lib/gcc/arm-atollic-eabi/6.3.1/armv7e-m/fpu/crtn.o
                0x08002790                . = ALIGN (0x4)
                0x08002790                _etext = .

.vfp11_veneer   0x08002790        0x0
 .vfp11_veneer  0x08002790        0x0 linker stubs

.v4_bx          0x08002790        0x0
 .v4_bx         0x08002790        0x0 linker stubs

.iplt           0x08002790        0x0
 .iplt          0x08002790        0x0 c:/program files (x86)/atollic/truestudio for stm32 9.3.0/armtools/bin/../lib/gcc/arm-atollic-eabi/6.3.1/armv7e-m/fpu/crtbegin.o

.rodata         0x08002790       0x18
                0x08002790                . = ALIGN (0x4)
 *(.rodata)
 .rodata        0x08002790       0x18 Src\system_stm32f4xx.o
                0x08002790                AHBPrescTable
                0x080027a0                APBPrescTable
 *(.rodata*)
                0x080027a8                . = ALIGN (0x4)

.ARM.extab
 *(.ARM.extab* .gnu.linkonce.armextab.*)

.ARM            0x080027a8        0x8
                0x080027a8                __exidx_start = .
 *(.ARM.exidx*)
 .ARM.exidx     0x080027a8        0x8 c:/program files (x86)/atollic/truestudio for stm32 9.3.0/armtools/bin/../lib/gcc/arm-atollic-eabi/6.3.1/armv7e-m/fpu\libgcc.a(_udivmoddi4.o)
                0x080027b0                __exidx_end = .

.rel.dyn        0x080027b0        0x0
 .rel.iplt      0x080027b0        0x0 c:/program files (x86)/atollic/truestudio for stm32 9.3.0/armtools/bin/../lib/gcc/arm-atollic-eabi/6.3.1/armv7e-m/fpu/crtbegin.o

.preinit_array  0x080027b0        0x0
                0x080027b0                PROVIDE (__preinit_array_start, .)
 *(.preinit_array*)
                0x080027b0                PROVIDE (__preinit_array_end, .)

.init_array     0x080027b0        0x4
                0x080027b0                PROVIDE (__init_array_start, .)
 *(SORT(.init_array.*))
 *(.init_array*)
 .init_array    0x080027b0        0x4 c:/program files (x86)/atollic/truestudio for stm32 9.3.0/armtools/bin/../lib/gcc/arm-atollic-eabi/6.3.1/armv7e-m/fpu/crtbegin.o
                0x080027b4                PROVIDE (__init_array_end, .)

.fini_array     0x080027b4        0x4
                [!provide]                PROVIDE (__fini_array_start, .)
 *(SORT(.fini_array.*))
 *(.fini_array*)
 .fini_array    0x080027b4        0x4 c:/program files (x86)/atollic/truestudio for stm32 9.3.0/armtools/bin/../lib/gcc/arm-atollic-eabi/6.3.1/armv7e-m/fpu/crtbegin.o
                [!provide]                PROVIDE (__fini_array_end, .)
                0x080027b8                _sidata = LOADADDR (.data)

.data           0x20000000        0xc load address 0x080027b8
                0x20000000                . = ALIGN (0x4)
                0x20000000                _sdata = .
 *(.data)
 .data          0x20000000        0x8 Drivers\STM32F4xx_HAL_Driver\Src\stm32f4xx_hal.o
                0x20000000                uwTickFreq
                0x20000004                uwTickPrio
 .data          0x20000008        0x4 Src\system_stm32f4xx.o
                0x20000008                SystemCoreClock
 *(.data*)
                0x2000000c                . = ALIGN (0x4)
                0x2000000c                _edata = .

.igot.plt       0x2000000c        0x0 load address 0x080027c4
 .igot.plt      0x2000000c        0x0 c:/program files (x86)/atollic/truestudio for stm32 9.3.0/armtools/bin/../lib/gcc/arm-atollic-eabi/6.3.1/armv7e-m/fpu/crtbegin.o
                0x2000000c                . = ALIGN (0x4)

.bss            0x2000000c       0xd0 load address 0x080027c4
                0x2000000c                _sbss = .
                0x2000000c                __bss_start__ = _sbss
 *(.bss)
 .bss           0x2000000c       0x1c c:/program files (x86)/atollic/truestudio for stm32 9.3.0/armtools/bin/../lib/gcc/arm-atollic-eabi/6.3.1/armv7e-m/fpu/crtbegin.o
 .bss           0x20000028        0x9 Src\main.o
                0x20000028                chipid
                0x20000029                SendFlag
                0x2000002c                TS_buffer
                0x20000030                CheckSum
 *(.bss*)
 *(COMMON)
 *fill*         0x20000031        0x3 
 COMMON         0x20000034        0x4 Drivers\STM32F4xx_HAL_Driver\Src\stm32f4xx_hal.o
                0x20000034                uwTick
 COMMON         0x20000038       0xa4 Src\main.o
                0x20000038                hi2c1
                0x2000008c                TimeStamp
                0x20000090                AccelData
                0x20000098                huart2
                0x200000d8                Rx_buffer
                0x200000dc                . = ALIGN (0x4)
                0x200000dc                _ebss = .
                0x200000dc                __bss_end__ = _ebss

._user_heap_stack
                0x200000dc      0x604 load address 0x080027c4
                0x200000e0                . = ALIGN (0x8)
 *fill*         0x200000dc        0x4 
                0x200000e0                PROVIDE (end, .)
                [!provide]                PROVIDE (_end, .)
                0x200002e0                . = (. + _Min_Heap_Size)
 *fill*         0x200000e0      0x200 
                0x200006e0                . = (. + _Min_Stack_Size)
 *fill*         0x200002e0      0x400 
                0x200006e0                . = ALIGN (0x8)

/DISCARD/
 libc.a(*)
 libm.a(*)
 libgcc.a(*)

.ARM.attributes
                0x00000000       0x30
 *(.ARM.attributes)
 .ARM.attributes
                0x00000000       0x22 c:/program files (x86)/atollic/truestudio for stm32 9.3.0/armtools/bin/../lib/gcc/arm-atollic-eabi/6.3.1/armv7e-m/fpu/crti.o
 .ARM.attributes
                0x00000022       0x34 c:/program files (x86)/atollic/truestudio for stm32 9.3.0/armtools/bin/../lib/gcc/arm-atollic-eabi/6.3.1/armv7e-m/fpu/crtbegin.o
 .ARM.attributes
                0x00000056       0x39 Drivers\STM32F4xx_HAL_Driver\Src\stm32f4xx_hal.o
 .ARM.attributes
                0x0000008f       0x39 Drivers\STM32F4xx_HAL_Driver\Src\stm32f4xx_hal_cortex.o
 .ARM.attributes
                0x000000c8       0x39 Drivers\STM32F4xx_HAL_Driver\Src\stm32f4xx_hal_dma.o
 .ARM.attributes
                0x00000101       0x39 Drivers\STM32F4xx_HAL_Driver\Src\stm32f4xx_hal_gpio.o
 .ARM.attributes
                0x0000013a       0x39 Drivers\STM32F4xx_HAL_Driver\Src\stm32f4xx_hal_i2c.o
 .ARM.attributes
                0x00000173       0x39 Drivers\STM32F4xx_HAL_Driver\Src\stm32f4xx_hal_pwr_ex.o
 .ARM.attributes
                0x000001ac       0x39 Drivers\STM32F4xx_HAL_Driver\Src\stm32f4xx_hal_rcc.o
 .ARM.attributes
                0x000001e5       0x39 Drivers\STM32F4xx_HAL_Driver\Src\stm32f4xx_hal_rcc_ex.o
 .ARM.attributes
                0x0000021e       0x39 Drivers\STM32F4xx_HAL_Driver\Src\stm32f4xx_hal_uart.o
 .ARM.attributes
                0x00000257       0x39 Src\main.o
 .ARM.attributes
                0x00000290       0x39 Src\stm32f4xx_hal_msp.o
 .ARM.attributes
                0x000002c9       0x39 Src\stm32f4xx_it.o
 .ARM.attributes
                0x00000302       0x39 Src\system_stm32f4xx.o
 .ARM.attributes
                0x0000033b       0x21 startup\startup_stm32f446xx.o
 .ARM.attributes
                0x0000035c       0x34 c:/program files (x86)/atollic/truestudio for stm32 9.3.0/armtools/bin/../lib/gcc/arm-atollic-eabi/6.3.1/../../../../arm-atollic-eabi/lib/armv7e-m/fpu\libc_nano.a(lib_a-init.o)
 .ARM.attributes
                0x00000390       0x34 c:/program files (x86)/atollic/truestudio for stm32 9.3.0/armtools/bin/../lib/gcc/arm-atollic-eabi/6.3.1/../../../../arm-atollic-eabi/lib/armv7e-m/fpu\libc_nano.a(lib_a-memset.o)
 .ARM.attributes
                0x000003c4       0x22 c:/program files (x86)/atollic/truestudio for stm32 9.3.0/armtools/bin/../lib/gcc/arm-atollic-eabi/6.3.1/armv7e-m/fpu\libgcc.a(_aeabi_uldivmod.o)
 .ARM.attributes
                0x000003e6       0x34 c:/program files (x86)/atollic/truestudio for stm32 9.3.0/armtools/bin/../lib/gcc/arm-atollic-eabi/6.3.1/armv7e-m/fpu\libgcc.a(_udivmoddi4.o)
 .ARM.attributes
                0x0000041a       0x22 c:/program files (x86)/atollic/truestudio for stm32 9.3.0/armtools/bin/../lib/gcc/arm-atollic-eabi/6.3.1/armv7e-m/fpu\libgcc.a(_dvmd_tls.o)
 .ARM.attributes
                0x0000043c       0x22 c:/program files (x86)/atollic/truestudio for stm32 9.3.0/armtools/bin/../lib/gcc/arm-atollic-eabi/6.3.1/armv7e-m/fpu/crtn.o
OUTPUT(AccelerometerDataCapture.elf elf32-littlearm)

.debug_info     0x00000000     0xc116
 .debug_info    0x00000000      0xa3b Drivers\STM32F4xx_HAL_Driver\Src\stm32f4xx_hal.o
 .debug_info    0x00000a3b      0xf5d Drivers\STM32F4xx_HAL_Driver\Src\stm32f4xx_hal_cortex.o
 .debug_info    0x00001998      0xa5c Drivers\STM32F4xx_HAL_Driver\Src\stm32f4xx_hal_dma.o
 .debug_info    0x000023f4      0x7c2 Drivers\STM32F4xx_HAL_Driver\Src\stm32f4xx_hal_gpio.o
 .debug_info    0x00002bb6     0x328e Drivers\STM32F4xx_HAL_Driver\Src\stm32f4xx_hal_i2c.o
 .debug_info    0x00005e44      0x7d7 Drivers\STM32F4xx_HAL_Driver\Src\stm32f4xx_hal_pwr_ex.o
 .debug_info    0x0000661b      0xa7d Drivers\STM32F4xx_HAL_Driver\Src\stm32f4xx_hal_rcc.o
 .debug_info    0x00007098      0xbf2 Drivers\STM32F4xx_HAL_Driver\Src\stm32f4xx_hal_rcc_ex.o
 .debug_info    0x00007c8a     0x1733 Drivers\STM32F4xx_HAL_Driver\Src\stm32f4xx_hal_uart.o
 .debug_info    0x000093bd     0x1197 Src\main.o
 .debug_info    0x0000a554      0xf96 Src\stm32f4xx_hal_msp.o
 .debug_info    0x0000b4ea      0x66a Src\stm32f4xx_it.o
 .debug_info    0x0000bb54      0x542 Src\system_stm32f4xx.o
 .debug_info    0x0000c096       0x80 startup\startup_stm32f446xx.o

.debug_abbrev   0x00000000     0x1b7e
 .debug_abbrev  0x00000000      0x1ef Drivers\STM32F4xx_HAL_Driver\Src\stm32f4xx_hal.o
 .debug_abbrev  0x000001ef      0x326 Drivers\STM32F4xx_HAL_Driver\Src\stm32f4xx_hal_cortex.o
 .debug_abbrev  0x00000515      0x28e Drivers\STM32F4xx_HAL_Driver\Src\stm32f4xx_hal_dma.o
 .debug_abbrev  0x000007a3      0x1e5 Drivers\STM32F4xx_HAL_Driver\Src\stm32f4xx_hal_gpio.o
 .debug_abbrev  0x00000988      0x282 Drivers\STM32F4xx_HAL_Driver\Src\stm32f4xx_hal_i2c.o
 .debug_abbrev  0x00000c0a      0x1ba Drivers\STM32F4xx_HAL_Driver\Src\stm32f4xx_hal_pwr_ex.o
 .debug_abbrev  0x00000dc4      0x271 Drivers\STM32F4xx_HAL_Driver\Src\stm32f4xx_hal_rcc.o
 .debug_abbrev  0x00001035      0x227 Drivers\STM32F4xx_HAL_Driver\Src\stm32f4xx_hal_rcc_ex.o
 .debug_abbrev  0x0000125c      0x26e Drivers\STM32F4xx_HAL_Driver\Src\stm32f4xx_hal_uart.o
 .debug_abbrev  0x000014ca      0x263 Src\main.o
 .debug_abbrev  0x0000172d      0x1b8 Src\stm32f4xx_hal_msp.o
 .debug_abbrev  0x000018e5      0x176 Src\stm32f4xx_it.o
 .debug_abbrev  0x00001a5b      0x111 Src\system_stm32f4xx.o
 .debug_abbrev  0x00001b6c       0x12 startup\startup_stm32f446xx.o

.debug_loc      0x00000000     0x756f
 .debug_loc     0x00000000      0x108 Drivers\STM32F4xx_HAL_Driver\Src\stm32f4xx_hal.o
 .debug_loc     0x00000108      0x616 Drivers\STM32F4xx_HAL_Driver\Src\stm32f4xx_hal_cortex.o
 .debug_loc     0x0000071e      0xae1 Drivers\STM32F4xx_HAL_Driver\Src\stm32f4xx_hal_dma.o
 .debug_loc     0x000011ff      0x3ec Drivers\STM32F4xx_HAL_Driver\Src\stm32f4xx_hal_gpio.o
 .debug_loc     0x000015eb     0x366d Drivers\STM32F4xx_HAL_Driver\Src\stm32f4xx_hal_i2c.o
 .debug_loc     0x00004c58      0x13f Drivers\STM32F4xx_HAL_Driver\Src\stm32f4xx_hal_pwr_ex.o
 .debug_loc     0x00004d97      0x3e6 Drivers\STM32F4xx_HAL_Driver\Src\stm32f4xx_hal_rcc.o
 .debug_loc     0x0000517d      0xb83 Drivers\STM32F4xx_HAL_Driver\Src\stm32f4xx_hal_rcc_ex.o
 .debug_loc     0x00005d00     0x1547 Drivers\STM32F4xx_HAL_Driver\Src\stm32f4xx_hal_uart.o
 .debug_loc     0x00007247      0x102 Src\main.o
 .debug_loc     0x00007349       0xe8 Src\stm32f4xx_hal_msp.o
 .debug_loc     0x00007431      0x13e Src\system_stm32f4xx.o

.debug_aranges  0x00000000      0x9b0
 .debug_aranges
                0x00000000       0xf0 Drivers\STM32F4xx_HAL_Driver\Src\stm32f4xx_hal.o
 .debug_aranges
                0x000000f0       0xa8 Drivers\STM32F4xx_HAL_Driver\Src\stm32f4xx_hal_cortex.o
 .debug_aranges
                0x00000198       0x90 Drivers\STM32F4xx_HAL_Driver\Src\stm32f4xx_hal_dma.o
 .debug_aranges
                0x00000228       0x58 Drivers\STM32F4xx_HAL_Driver\Src\stm32f4xx_hal_gpio.o
 .debug_aranges
                0x00000280      0x290 Drivers\STM32F4xx_HAL_Driver\Src\stm32f4xx_hal_i2c.o
 .debug_aranges
                0x00000510       0x60 Drivers\STM32F4xx_HAL_Driver\Src\stm32f4xx_hal_pwr_ex.o
 .debug_aranges
                0x00000570       0x88 Drivers\STM32F4xx_HAL_Driver\Src\stm32f4xx_hal_rcc.o
 .debug_aranges
                0x000005f8       0x78 Drivers\STM32F4xx_HAL_Driver\Src\stm32f4xx_hal_rcc_ex.o
 .debug_aranges
                0x00000670      0x1d0 Drivers\STM32F4xx_HAL_Driver\Src\stm32f4xx_hal_uart.o
 .debug_aranges
                0x00000840       0x78 Src\main.o
 .debug_aranges
                0x000008b8       0x40 Src\stm32f4xx_hal_msp.o
 .debug_aranges
                0x000008f8       0x68 Src\stm32f4xx_it.o
 .debug_aranges
                0x00000960       0x28 Src\system_stm32f4xx.o
 .debug_aranges
                0x00000988       0x28 startup\startup_stm32f446xx.o

.debug_ranges   0x00000000      0x980
 .debug_ranges  0x00000000       0xe0 Drivers\STM32F4xx_HAL_Driver\Src\stm32f4xx_hal.o
 .debug_ranges  0x000000e0       0xf8 Drivers\STM32F4xx_HAL_Driver\Src\stm32f4xx_hal_cortex.o
 .debug_ranges  0x000001d8       0x80 Drivers\STM32F4xx_HAL_Driver\Src\stm32f4xx_hal_dma.o
 .debug_ranges  0x00000258       0x48 Drivers\STM32F4xx_HAL_Driver\Src\stm32f4xx_hal_gpio.o
 .debug_ranges  0x000002a0      0x298 Drivers\STM32F4xx_HAL_Driver\Src\stm32f4xx_hal_i2c.o
 .debug_ranges  0x00000538       0x50 Drivers\STM32F4xx_HAL_Driver\Src\stm32f4xx_hal_pwr_ex.o
 .debug_ranges  0x00000588       0x90 Drivers\STM32F4xx_HAL_Driver\Src\stm32f4xx_hal_rcc.o
 .debug_ranges  0x00000618       0x80 Drivers\STM32F4xx_HAL_Driver\Src\stm32f4xx_hal_rcc_ex.o
 .debug_ranges  0x00000698      0x1c0 Drivers\STM32F4xx_HAL_Driver\Src\stm32f4xx_hal_uart.o
 .debug_ranges  0x00000858       0x68 Src\main.o
 .debug_ranges  0x000008c0       0x30 Src\stm32f4xx_hal_msp.o
 .debug_ranges  0x000008f0       0x58 Src\stm32f4xx_it.o
 .debug_ranges  0x00000948       0x18 Src\system_stm32f4xx.o
 .debug_ranges  0x00000960       0x20 startup\startup_stm32f446xx.o

.debug_macro    0x00000000    0x205c0
 .debug_macro   0x00000000      0x233 Drivers\STM32F4xx_HAL_Driver\Src\stm32f4xx_hal.o
 .debug_macro   0x00000233      0x8b6 Drivers\STM32F4xx_HAL_Driver\Src\stm32f4xx_hal.o
 .debug_macro   0x00000ae9      0x18a Drivers\STM32F4xx_HAL_Driver\Src\stm32f4xx_hal.o
 .debug_macro   0x00000c73       0x32 Drivers\STM32F4xx_HAL_Driver\Src\stm32f4xx_hal.o
 .debug_macro   0x00000ca5       0x28 Drivers\STM32F4xx_HAL_Driver\Src\stm32f4xx_hal.o
 .debug_macro   0x00000ccd       0x22 Drivers\STM32F4xx_HAL_Driver\Src\stm32f4xx_hal.o
 .debug_macro   0x00000cef       0x87 Drivers\STM32F4xx_HAL_Driver\Src\stm32f4xx_hal.o
 .debug_macro   0x00000d76       0x51 Drivers\STM32F4xx_HAL_Driver\Src\stm32f4xx_hal.o
 .debug_macro   0x00000dc7       0xef Drivers\STM32F4xx_HAL_Driver\Src\stm32f4xx_hal.o
 .debug_macro   0x00000eb6       0x6a Drivers\STM32F4xx_HAL_Driver\Src\stm32f4xx_hal.o
 .debug_macro   0x00000f20      0x1df Drivers\STM32F4xx_HAL_Driver\Src\stm32f4xx_hal.o
 .debug_macro   0x000010ff       0x1c Drivers\STM32F4xx_HAL_Driver\Src\stm32f4xx_hal.o
 .debug_macro   0x0000111b       0x22 Drivers\STM32F4xx_HAL_Driver\Src\stm32f4xx_hal.o
 .debug_macro   0x0000113d       0xdf Drivers\STM32F4xx_HAL_Driver\Src\stm32f4xx_hal.o
 .debug_macro   0x0000121c     0x102d Drivers\STM32F4xx_HAL_Driver\Src\stm32f4xx_hal.o
 .debug_macro   0x00002249      0x11f Drivers\STM32F4xx_HAL_Driver\Src\stm32f4xx_hal.o
 .debug_macro   0x00002368    0x16734 Drivers\STM32F4xx_HAL_Driver\Src\stm32f4xx_hal.o
 .debug_macro   0x00018a9c       0x43 Drivers\STM32F4xx_HAL_Driver\Src\stm32f4xx_hal.o
 .debug_macro   0x00018adf     0x35d4 Drivers\STM32F4xx_HAL_Driver\Src\stm32f4xx_hal.o
 .debug_macro   0x0001c0b3      0x174 Drivers\STM32F4xx_HAL_Driver\Src\stm32f4xx_hal.o
 .debug_macro   0x0001c227       0x4e Drivers\STM32F4xx_HAL_Driver\Src\stm32f4xx_hal.o
 .debug_macro   0x0001c275      0xc90 Drivers\STM32F4xx_HAL_Driver\Src\stm32f4xx_hal.o
 .debug_macro   0x0001cf05      0x9fe Drivers\STM32F4xx_HAL_Driver\Src\stm32f4xx_hal.o
 .debug_macro   0x0001d903       0xed Drivers\STM32F4xx_HAL_Driver\Src\stm32f4xx_hal.o
 .debug_macro   0x0001d9f0      0x117 Drivers\STM32F4xx_HAL_Driver\Src\stm32f4xx_hal.o
 .debug_macro   0x0001db07      0x1a0 Drivers\STM32F4xx_HAL_Driver\Src\stm32f4xx_hal.o
 .debug_macro   0x0001dca7       0x27 Drivers\STM32F4xx_HAL_Driver\Src\stm32f4xx_hal.o
 .debug_macro   0x0001dcce      0x287 Drivers\STM32F4xx_HAL_Driver\Src\stm32f4xx_hal.o
 .debug_macro   0x0001df55       0x5f Drivers\STM32F4xx_HAL_Driver\Src\stm32f4xx_hal.o
 .debug_macro   0x0001dfb4      0x236 Drivers\STM32F4xx_HAL_Driver\Src\stm32f4xx_hal.o
 .debug_macro   0x0001e1ea      0x132 Drivers\STM32F4xx_HAL_Driver\Src\stm32f4xx_hal.o
 .debug_macro   0x0001e31c      0x29c Drivers\STM32F4xx_HAL_Driver\Src\stm32f4xx_hal.o
 .debug_macro   0x0001e5b8       0x2e Drivers\STM32F4xx_HAL_Driver\Src\stm32f4xx_hal.o
 .debug_macro   0x0001e5e6      0x1ae Drivers\STM32F4xx_HAL_Driver\Src\stm32f4xx_hal.o
 .debug_macro   0x0001e794       0x22 Drivers\STM32F4xx_HAL_Driver\Src\stm32f4xx_hal.o
 .debug_macro   0x0001e7b6       0xd6 Drivers\STM32F4xx_HAL_Driver\Src\stm32f4xx_hal.o
 .debug_macro   0x0001e88c      0x11a Drivers\STM32F4xx_HAL_Driver\Src\stm32f4xx_hal.o
 .debug_macro   0x0001e9a6       0xe8 Drivers\STM32F4xx_HAL_Driver\Src\stm32f4xx_hal.o
 .debug_macro   0x0001ea8e       0x89 Drivers\STM32F4xx_HAL_Driver\Src\stm32f4xx_hal.o
 .debug_macro   0x0001eb17      0x287 Drivers\STM32F4xx_HAL_Driver\Src\stm32f4xx_hal.o
 .debug_macro   0x0001ed9e      0x126 Drivers\STM32F4xx_HAL_Driver\Src\stm32f4xx_hal.o
 .debug_macro   0x0001eec4      0x1d3 Drivers\STM32F4xx_HAL_Driver\Src\stm32f4xx_hal_cortex.o
 .debug_macro   0x0001f097      0x1d9 Drivers\STM32F4xx_HAL_Driver\Src\stm32f4xx_hal_dma.o
 .debug_macro   0x0001f270      0x209 Drivers\STM32F4xx_HAL_Driver\Src\stm32f4xx_hal_gpio.o
 .debug_macro   0x0001f479      0x213 Drivers\STM32F4xx_HAL_Driver\Src\stm32f4xx_hal_i2c.o
 .debug_macro   0x0001f68c      0x1eb Drivers\STM32F4xx_HAL_Driver\Src\stm32f4xx_hal_pwr_ex.o
 .debug_macro   0x0001f877      0x1f7 Drivers\STM32F4xx_HAL_Driver\Src\stm32f4xx_hal_rcc.o
 .debug_macro   0x0001fa6e      0x1d3 Drivers\STM32F4xx_HAL_Driver\Src\stm32f4xx_hal_rcc_ex.o
 .debug_macro   0x0001fc41      0x1d4 Drivers\STM32F4xx_HAL_Driver\Src\stm32f4xx_hal_uart.o
 .debug_macro   0x0001fe15      0x1e8 Src\main.o
 .debug_macro   0x0001fffd       0x1c Src\main.o
 .debug_macro   0x00020019      0x1e2 Src\stm32f4xx_hal_msp.o
 .debug_macro   0x000201fb      0x1ec Src\stm32f4xx_it.o
 .debug_macro   0x000203e7      0x1d9 Src\system_stm32f4xx.o

.debug_line     0x00000000     0x781b
 .debug_line    0x00000000      0x761 Drivers\STM32F4xx_HAL_Driver\Src\stm32f4xx_hal.o
 .debug_line    0x00000761      0x796 Drivers\STM32F4xx_HAL_Driver\Src\stm32f4xx_hal_cortex.o
 .debug_line    0x00000ef7      0x88b Drivers\STM32F4xx_HAL_Driver\Src\stm32f4xx_hal_dma.o
 .debug_line    0x00001782      0x6ec Drivers\STM32F4xx_HAL_Driver\Src\stm32f4xx_hal_gpio.o
 .debug_line    0x00001e6e     0x1ad8 Drivers\STM32F4xx_HAL_Driver\Src\stm32f4xx_hal_i2c.o
 .debug_line    0x00003946      0x657 Drivers\STM32F4xx_HAL_Driver\Src\stm32f4xx_hal_pwr_ex.o
 .debug_line    0x00003f9d      0x7cc Drivers\STM32F4xx_HAL_Driver\Src\stm32f4xx_hal_rcc.o
 .debug_line    0x00004769      0x99e Drivers\STM32F4xx_HAL_Driver\Src\stm32f4xx_hal_rcc_ex.o
 .debug_line    0x00005107      0xe9f Drivers\STM32F4xx_HAL_Driver\Src\stm32f4xx_hal_uart.o
 .debug_line    0x00005fa6      0x687 Src\main.o
 .debug_line    0x0000662d      0x5d7 Src\stm32f4xx_hal_msp.o
 .debug_line    0x00006c04      0x608 Src\stm32f4xx_it.o
 .debug_line    0x0000720c      0x590 Src\system_stm32f4xx.o
 .debug_line    0x0000779c       0x7f startup\startup_stm32f446xx.o

.debug_str      0x00000000    0xc50a8
 .debug_str     0x00000000    0xc2701 Drivers\STM32F4xx_HAL_Driver\Src\stm32f4xx_hal.o
                              0xc2a9b (size before relaxing)
 .debug_str     0x000c2701      0x3a8 Drivers\STM32F4xx_HAL_Driver\Src\stm32f4xx_hal_cortex.o
                              0xc279d (size before relaxing)
 .debug_str     0x000c2aa9      0x53a Drivers\STM32F4xx_HAL_Driver\Src\stm32f4xx_hal_dma.o
                              0xc22c1 (size before relaxing)
 .debug_str     0x000c2fe3      0x28c Drivers\STM32F4xx_HAL_Driver\Src\stm32f4xx_hal_gpio.o
                              0xc2104 (size before relaxing)
 .debug_str     0x000c326f      0xcfc Drivers\STM32F4xx_HAL_Driver\Src\stm32f4xx_hal_i2c.o
                              0xc2e2b (size before relaxing)
 .debug_str     0x000c3f6b      0x141 Drivers\STM32F4xx_HAL_Driver\Src\stm32f4xx_hal_pwr_ex.o
                              0xc20b4 (size before relaxing)
 .debug_str     0x000c40ac      0x35d Drivers\STM32F4xx_HAL_Driver\Src\stm32f4xx_hal_rcc.o
                              0xc22d3 (size before relaxing)
 .debug_str     0x000c4409      0x31c Drivers\STM32F4xx_HAL_Driver\Src\stm32f4xx_hal_rcc_ex.o
                              0xc2322 (size before relaxing)
 .debug_str     0x000c4725      0x6c1 Drivers\STM32F4xx_HAL_Driver\Src\stm32f4xx_hal_uart.o
                              0xc274a (size before relaxing)
 .debug_str     0x000c4de6      0x183 Src\main.o
                              0xc285a (size before relaxing)
 .debug_str     0x000c4f69       0x1b Src\stm32f4xx_hal_msp.o
                              0xc2b94 (size before relaxing)
 .debug_str     0x000c4f84       0xca Src\stm32f4xx_it.o
                              0xc224d (size before relaxing)
 .debug_str     0x000c504e       0x5a Src\system_stm32f4xx.o
                              0xc1ec0 (size before relaxing)

.comment        0x00000000       0x7c
 .comment       0x00000000       0x7c Drivers\STM32F4xx_HAL_Driver\Src\stm32f4xx_hal.o
                                 0x7d (size before relaxing)
 .comment       0x0000007c       0x7d Drivers\STM32F4xx_HAL_Driver\Src\stm32f4xx_hal_cortex.o
 .comment       0x0000007c       0x7d Drivers\STM32F4xx_HAL_Driver\Src\stm32f4xx_hal_dma.o
 .comment       0x0000007c       0x7d Drivers\STM32F4xx_HAL_Driver\Src\stm32f4xx_hal_gpio.o
 .comment       0x0000007c       0x7d Drivers\STM32F4xx_HAL_Driver\Src\stm32f4xx_hal_i2c.o
 .comment       0x0000007c       0x7d Drivers\STM32F4xx_HAL_Driver\Src\stm32f4xx_hal_pwr_ex.o
 .comment       0x0000007c       0x7d Drivers\STM32F4xx_HAL_Driver\Src\stm32f4xx_hal_rcc.o
 .comment       0x0000007c       0x7d Drivers\STM32F4xx_HAL_Driver\Src\stm32f4xx_hal_rcc_ex.o
 .comment       0x0000007c       0x7d Drivers\STM32F4xx_HAL_Driver\Src\stm32f4xx_hal_uart.o
 .comment       0x0000007c       0x7d Src\main.o
 .comment       0x0000007c       0x7d Src\stm32f4xx_hal_msp.o
 .comment       0x0000007c       0x7d Src\stm32f4xx_it.o
 .comment       0x0000007c       0x7d Src\system_stm32f4xx.o

.debug_frame    0x00000000     0x1a84
 .debug_frame   0x00000000      0x1f4 Drivers\STM32F4xx_HAL_Driver\Src\stm32f4xx_hal.o
 .debug_frame   0x000001f4      0x15c Drivers\STM32F4xx_HAL_Driver\Src\stm32f4xx_hal_cortex.o
 .debug_frame   0x00000350      0x17c Drivers\STM32F4xx_HAL_Driver\Src\stm32f4xx_hal_dma.o
 .debug_frame   0x000004cc       0xd0 Drivers\STM32F4xx_HAL_Driver\Src\stm32f4xx_hal_gpio.o
 .debug_frame   0x0000059c      0x8ec Drivers\STM32F4xx_HAL_Driver\Src\stm32f4xx_hal_i2c.o
 .debug_frame   0x00000e88       0xec Drivers\STM32F4xx_HAL_Driver\Src\stm32f4xx_hal_pwr_ex.o
 .debug_frame   0x00000f74      0x174 Drivers\STM32F4xx_HAL_Driver\Src\stm32f4xx_hal_rcc.o
 .debug_frame   0x000010e8      0x144 Drivers\STM32F4xx_HAL_Driver\Src\stm32f4xx_hal_rcc_ex.o
 .debug_frame   0x0000122c      0x4e8 Drivers\STM32F4xx_HAL_Driver\Src\stm32f4xx_hal_uart.o
 .debug_frame   0x00001714      0x134 Src\main.o
 .debug_frame   0x00001848       0xa0 Src\stm32f4xx_hal_msp.o
 .debug_frame   0x000018e8       0xc0 Src\stm32f4xx_it.o
 .debug_frame   0x000019a8       0x30 Src\system_stm32f4xx.o
 .debug_frame   0x000019d8       0x2c c:/program files (x86)/atollic/truestudio for stm32 9.3.0/armtools/bin/../lib/gcc/arm-atollic-eabi/6.3.1/../../../../arm-atollic-eabi/lib/armv7e-m/fpu\libc_nano.a(lib_a-init.o)
 .debug_frame   0x00001a04       0x20 c:/program files (x86)/atollic/truestudio for stm32 9.3.0/armtools/bin/../lib/gcc/arm-atollic-eabi/6.3.1/../../../../arm-atollic-eabi/lib/armv7e-m/fpu\libc_nano.a(lib_a-memset.o)
 .debug_frame   0x00001a24       0x2c c:/program files (x86)/atollic/truestudio for stm32 9.3.0/armtools/bin/../lib/gcc/arm-atollic-eabi/6.3.1/armv7e-m/fpu\libgcc.a(_aeabi_uldivmod.o)
 .debug_frame   0x00001a50       0x34 c:/program files (x86)/atollic/truestudio for stm32 9.3.0/armtools/bin/../lib/gcc/arm-atollic-eabi/6.3.1/armv7e-m/fpu\libgcc.a(_udivmoddi4.o)
